C51 COMPILER V9.60.0.0   LCD1602                                                           11/04/2022 17:01:33 PAGE 1   


C51 COMPILER V9.60.0.0, COMPILATION OF MODULE LCD1602
OBJECT MODULE PLACED IN .\Objects\lcd1602.obj
COMPILER INVOKED BY: D:\APP\Keil\C51\BIN\C51.EXE lcd1602.c OPTIMIZE(8,SPEED) BROWSE DEBUG OBJECTEXTEND PRINT(.\Listings\
                    -lcd1602.lst) TABS(2) OBJECT(.\Objects\lcd1602.obj)

line level    source

   1          #include  "lcd1602.h"
   2          
   3          void Delay1ms()   //@11.0592MHz
   4          {
   5   1        unsigned char i, j;
   6   1      
   7   1        i = 11;
   8   1        j = 190;
   9   1        do
  10   1        {
  11   2          while (--j);
  12   2        } while (--i);
  13   1      }
  14          
  15          
  16          void setting_port(u8 dat)
  17          {
  18   1        u8 h4,h3,h2,h1,l4,l3,l2,l1;
  19   1        h4=dat>>7;
  20   1        
  21   1        h3=dat<<1;
  22   1        h3>>=7;
  23   1        
  24   1        h2=dat<<2;
  25   1        h2>>=7;
  26   1      
  27   1        h1=dat<<3;
  28   1        h1>>=7;
  29   1        
  30   1        l4=dat<<4;
  31   1        l4>>=7;
  32   1        
  33   1        l3=dat<<5;
  34   1        l3>>=7;
  35   1        
  36   1        l2=dat<<6;
  37   1        l2>>=7;
  38   1        
  39   1        l1=dat<<7;
  40   1        l1>>=7;
  41   1        
  42   1        H4=h4;
  43   1        H3=h3;
  44   1        H2=h2;
  45   1        H1=h1;
  46   1        L4=l4;
  47   1        L3=l3;
  48   1        L2=l2;
  49   1        L1=l1;
  50   1      }
  51          
  52          void lcd1602_send_cmd(u8 cmd)
  53          {
  54   1        RS=0;
C51 COMPILER V9.60.0.0   LCD1602                                                           11/04/2022 17:01:33 PAGE 2   

  55   1        RW=0;
  56   1        EN=0;
  57   1        setting_port(cmd);
  58   1        Delay1ms();
  59   1        EN=1;
  60   1        Delay1ms();
  61   1        EN=0;
  62   1      }
  63          
  64          void lcd1602_send_dat(u8 dat)
  65          {
  66   1        RS=1;
  67   1        RW=0;
  68   1        EN=0;
  69   1        setting_port(dat);
  70   1        Delay1ms();
  71   1        EN=1;
  72   1        Delay1ms();
  73   1        EN=0;
  74   1      }
  75          
  76          void lcd1602_init(void)
  77          {
  78   1        lcd1602_send_cmd(0x38);
  79   1        lcd1602_send_cmd(0x0c);
  80   1        lcd1602_send_cmd(0x06);
  81   1        lcd1602_send_cmd(0x01);
  82   1      }
  83          
  84          void lcd1602_clean(void)
  85          {
  86   1        lcd1602_send_cmd(0x01);
  87   1      }
  88          
  89          void lcd1602_show_str(u8 x,u8 y,u8 *str)
  90          {
  91   1        u8 i=0;
  92   1      
  93   1        if(y>1||x>15)
  94   1        {
  95   2          return;
  96   2        }
  97   1        if(y<1)
  98   1        {
  99   2          while(*str!='\0')
 100   2          { 
 101   3            if(i<16-x)
 102   3            {
 103   4              lcd1602_send_cmd(0x80+x+i);
 104   4            }
 105   3            else
 106   3            {
 107   4              lcd1602_send_cmd(0x80+0x40+x+i-16);
 108   4            }
 109   3            lcd1602_send_dat(*str);
 110   3            str++;
 111   3            i++;
 112   3          }   
 113   2        }
 114   1        else
 115   1        {
 116   2          while(*str!='\0')
C51 COMPILER V9.60.0.0   LCD1602                                                           11/04/2022 17:01:33 PAGE 3   

 117   2          {
 118   3            if(i<16-x)
 119   3            {
 120   4              lcd1602_send_cmd(0x80+0x40+x+i);
 121   4            }
 122   3            else
 123   3            {
 124   4              lcd1602_send_cmd(0x80+x+i-16);
 125   4            }
 126   3            lcd1602_send_dat(*str);
 127   3            str++;
 128   3            i++;
 129   3          }
 130   2        }
 131   1      }


MODULE INFORMATION:   STATIC OVERLAYABLE
   CODE SIZE        =    377    ----
   CONSTANT SIZE    =   ----    ----
   XDATA SIZE       =   ----    ----
   PDATA SIZE       =   ----    ----
   DATA SIZE        =   ----       6
   IDATA SIZE       =   ----    ----
   BIT SIZE         =   ----    ----
END OF MODULE INFORMATION.


C51 COMPILATION COMPLETE.  0 WARNING(S),  0 ERROR(S)
