BL51 BANKED LINKER/LOCATER V6.22.2.0                                                    11/05/2022  23:49:12  PAGE 1


BL51 BANKED LINKER/LOCATER V6.22.2.0, INVOKED BY:
D:\APP\KEIL\C51\BIN\BL51.EXE .\Objects\STARTUP.obj, .\Objects\main.obj TO .\Objects\test PRINT (.\Listings\test.m51)


MEMORY MODEL: SMALL


INPUT MODULES INCLUDED:
  .\Objects\STARTUP.obj (?C_STARTUP)
  .\Objects\main.obj (MAIN)


LINK MAP OF MODULE:  .\Objects\test (?C_STARTUP)


            TYPE    BASE      LENGTH    RELOCATION   SEGMENT NAME
            -----------------------------------------------------

            * * * * * * *   D A T A   M E M O R Y   * * * * * * *
            REG     0000H     0008H     ABSOLUTE     "REG BANK 0"
            IDATA   0008H     0001H     UNIT         ?STACK

            * * * * * * *   C O D E   M E M O R Y   * * * * * * *
            CODE    0000H     0003H     ABSOLUTE     
                    0003H     0020H                  *** GAP ***
            CODE    0023H     0003H     ABSOLUTE     
                    0026H     07DAH                  *** GAP ***
            CODE    0800H     001BH     UNIT         ?PR?UART?MAIN
            CODE    081BH     0014H     UNIT         ?PR?_UART_INIT?MAIN
            CODE    082FH     000CH     UNIT         ?C_C51STARTUP
            CODE    083BH     0007H     UNIT         ?PR?MAIN?MAIN



OVERLAY MAP OF MODULE:   .\Objects\test (?C_STARTUP)


SEGMENT
  +--> CALLED SEGMENT
---------------------
?C_C51STARTUP
  +--> ?PR?MAIN?MAIN

?PR?MAIN?MAIN
  +--> ?PR?_UART_INIT?MAIN



SYMBOL TABLE OF MODULE:  .\Objects\test (?C_STARTUP)

  VALUE           TYPE          NAME
  ----------------------------------

  -------         MODULE        ?C_STARTUP
  C:082FH         SEGMENT       ?C_C51STARTUP
  I:0008H         SEGMENT       ?STACK
  C:0000H         PUBLIC        ?C_STARTUP
  D:00E0H         SYMBOL        ACC
BL51 BANKED LINKER/LOCATER V6.22.2.0                                                  11/05/2022  23:49:12  PAGE 2


  D:00F0H         SYMBOL        B
  D:0083H         SYMBOL        DPH
  D:0082H         SYMBOL        DPL
  N:0000H         SYMBOL        IBPSTACK
  N:0100H         SYMBOL        IBPSTACKTOP
  N:0080H         SYMBOL        IDATALEN
  C:0832H         SYMBOL        IDATALOOP
  N:0000H         SYMBOL        PBPSTACK
  N:0100H         SYMBOL        PBPSTACKTOP
  N:0000H         SYMBOL        PDATALEN
  N:0000H         SYMBOL        PDATASTART
  N:0000H         SYMBOL        PPAGE
  N:0000H         SYMBOL        PPAGEENABLE
  D:00A0H         SYMBOL        PPAGE_SFR
  D:0081H         SYMBOL        SP
  C:082FH         SYMBOL        STARTUP1
  N:0000H         SYMBOL        XBPSTACK
  N:0000H         SYMBOL        XBPSTACKTOP
  N:0000H         SYMBOL        XDATALEN
  N:0000H         SYMBOL        XDATASTART
  C:0000H         LINE#         126
  C:082FH         LINE#         133
  C:0831H         LINE#         134
  C:0832H         LINE#         135
  C:0833H         LINE#         136
  C:0835H         LINE#         185
  C:0838H         LINE#         196
  -------         ENDMOD        ?C_STARTUP

  -------         MODULE        MAIN
  C:0000H         SYMBOL        _ICE_DUMMY_
  D:00B0H         PUBLIC        P3
  B:00A8H.7       PUBLIC        EA
  B:00A8H.4       PUBLIC        ES
  B:0098H.0       PUBLIC        RI
  B:0098H.1       PUBLIC        TI
  C:083BH         PUBLIC        main
  D:0099H         PUBLIC        SBUF
  D:0087H         PUBLIC        PCON
  D:0098H         PUBLIC        SCON
  D:0089H         PUBLIC        TMOD
  C:0800H         PUBLIC        uart
  D:008DH         PUBLIC        TH1
  D:008BH         PUBLIC        TL1
  C:081BH         PUBLIC        _uart_init
  B:0088H.6       PUBLIC        TR1
  -------         PROC          _UART_INIT
  D:0007H         SYMBOL        baud
  C:081BH         LINE#         8
  C:081BH         LINE#         9
  C:081BH         LINE#         10
  C:081EH         LINE#         11
  C:0821H         LINE#         12
  C:0824H         LINE#         13
  C:0826H         LINE#         14
  C:0828H         LINE#         15
  C:082AH         LINE#         16
BL51 BANKED LINKER/LOCATER V6.22.2.0                                                  11/05/2022  23:49:12  PAGE 3


  C:082CH         LINE#         17
  C:082EH         LINE#         18
  -------         ENDPROC       _UART_INIT
  -------         PROC          MAIN
  C:083BH         LINE#         21
  C:083BH         LINE#         22
  C:083BH         LINE#         23
  C:0840H         LINE#         24
  C:0840H         LINE#         25
  C:0840H         LINE#         27
  -------         ENDPROC       MAIN
  -------         PROC          UART
  -------         DO            
  D:0007H         SYMBOL        rec_dat
  -------         ENDDO         
  C:0800H         LINE#         30
  C:0809H         LINE#         32
  C:0809H         LINE#         33
  C:080BH         LINE#         34
  C:080DH         LINE#         35
  C:080FH         LINE#         36
  C:0812H         LINE#         37
  C:0814H         LINE#         38
  -------         ENDPROC       UART
  -------         ENDMOD        MAIN

******************************************************************************
* RESTRICTED VERSION WITH 0800H BYTE CODE SIZE LIMIT; USED: 0048H BYTE ( 3%) *
******************************************************************************

Program Size: data=9.0 xdata=0 code=72
LINK/LOCATE RUN COMPLETE.  0 WARNING(S),  0 ERROR(S)
