BL51 BANKED LINKER/LOCATER V6.22.2.0                                                    11/26/2022  09:22:56  PAGE 1


BL51 BANKED LINKER/LOCATER V6.22.2.0, INVOKED BY:
D:\APP\KEIL\C51\BIN\BL51.EXE .\Objects\main.obj, .\Objects\adc.obj, .\Objects\iic.obj, .\Objects\oled.obj, .\Objects\adc
>> 1.obj TO .\Objects\test PRINT (.\Listings\test.m51) RAMSIZE (256)


MEMORY MODEL: SMALL WITH FLOATING POINT ARITHMETIC


INPUT MODULES INCLUDED:
  .\Objects\main.obj (MAIN)
  .\Objects\adc.obj (ADC)
  .\Objects\iic.obj (IIC)
  .\Objects\oled.obj (OLED)
  .\Objects\adc1.obj (ADC1)
  D:\APP\KEIL\C51\LIB\C51FPS.LIB (?C?FPMUL)
  D:\APP\KEIL\C51\LIB\C51FPS.LIB (?C?FPDIV)
  D:\APP\KEIL\C51\LIB\C51FPS.LIB (?C?FCAST)
  D:\APP\KEIL\C51\LIB\C51FPS.LIB (?C?CASTF)
  D:\APP\KEIL\C51\LIB\C51FPS.LIB (?C?FPGETOPN)
  D:\APP\KEIL\C51\LIB\C51S.LIB (?C_STARTUP)
  D:\APP\KEIL\C51\LIB\C51S.LIB (?C?CLDOPTR)
  D:\APP\KEIL\C51\LIB\C51S.LIB (?C?UIDIV)
  D:\APP\KEIL\C51\LIB\C51S.LIB (?C?LNEG)
  D:\APP\KEIL\C51\LIB\C51S.LIB (?C_INIT)


LINK MAP OF MODULE:  .\Objects\test (MAIN)


            TYPE    BASE      LENGTH    RELOCATION   SEGMENT NAME
            -----------------------------------------------------

            * * * * * * *   D A T A   M E M O R Y   * * * * * * *
            REG     0000H     0008H     ABSOLUTE     "REG BANK 0"
            DATA    0008H     001BH     UNIT         ?DT?OLED
            DATA    0023H     0017H     UNIT         _DATA_GROUP_
            IDATA   003AH     0001H     UNIT         ?STACK

            * * * * * * *   C O D E   M E M O R Y   * * * * * * *
            CODE    0000H     0003H     ABSOLUTE     
            CODE    0003H     02F5H     UNIT         ?C?LIB_CODE
            CODE    02F8H     0228H     UNIT         ?CO?OLED
            CODE    0520H     00EAH     UNIT         ?PR?MAIN?MAIN
            CODE    060AH     008CH     UNIT         ?C_C51STARTUP
            CODE    0696H     0055H     UNIT         ?PR?_OLED_SHOWCHAR?OLED
            CODE    06EBH     004BH     UNIT         ?PR?OLED_CLEAR?OLED
            CODE    0736H     0041H     UNIT         ?PR?_OLED_SHOWSTRING?OLED
            CODE    0777H     0031H     UNIT         ?PR?_WRITE_IIC_BYTE?IIC
            CODE    07A8H     0029H     UNIT         ?PR?_OLED_SET_POS?OLED
            CODE    07D1H     0027H     UNIT         ?PR?SPI_READ_XPT2046_DATA?ADC
            CODE    07F8H     0025H     UNIT         ?PR?_SPI_WRITE_BYTE?ADC
            CODE    081DH     0022H     UNIT         ?PR?OLED_INIT?OLED
            CODE    083FH     001EH     UNIT         ?C_INITSEG
            CODE    085DH     0016H     UNIT         ?PR?_OLED_WR_BYTE?OLED
            CODE    0873H     0014H     UNIT         ?PR?_READ_XPT2046_ADC_VALUE?ADC
            CODE    0887H     0013H     UNIT         ?PR?_READ_ADC1_VALUE?ADC1
            CODE    089AH     0012H     UNIT         ?PR?INIT_ADC?ADC1
            CODE    08ACH     0010H     UNIT         ?PR?IIC_WAIT_ACK?IIC
BL51 BANKED LINKER/LOCATER V6.22.2.0                                                  11/26/2022  09:22:56  PAGE 2


            CODE    08BCH     000EH     UNIT         ?PR?_WRITE_IIC_CMD?IIC
            CODE    08CAH     000EH     UNIT         ?PR?_WRITE_IIC_DATA?IIC
            CODE    08D8H     0009H     UNIT         ?PR?IIC_START?IIC
            CODE    08E1H     0007H     UNIT         ?PR?IIC_STOP?IIC
            CODE    08E8H     0005H     UNIT         ?PR?DELAY100US?ADC1



OVERLAY MAP OF MODULE:   .\Objects\test (MAIN)


SEGMENT                                   DATA_GROUP 
  +--> CALLED SEGMENT                   START    LENGTH
-------------------------------------------------------
?C_C51STARTUP                           -----    -----
  +--> ?PR?MAIN?MAIN
  +--> ?C_INITSEG

?PR?MAIN?MAIN                           0023H    000CH
  +--> ?PR?OLED_INIT?OLED
  +--> ?PR?OLED_CLEAR?OLED
  +--> ?PR?INIT_ADC?ADC1
  +--> ?PR?_READ_XPT2046_ADC_VALUE?ADC
  +--> ?PR?_OLED_SHOWSTRING?OLED
  +--> ?PR?_READ_ADC1_VALUE?ADC1
  +--> ?PR?DELAY100US?ADC1

?PR?OLED_INIT?OLED                      002FH    0001H
  +--> ?PR?_OLED_WR_BYTE?OLED

?PR?_OLED_WR_BYTE?OLED                  0038H    0002H
  +--> ?PR?_WRITE_IIC_DATA?IIC
  +--> ?PR?_WRITE_IIC_CMD?IIC

?PR?_WRITE_IIC_DATA?IIC                 -----    -----
  +--> ?PR?_WRITE_IIC_BYTE?IIC
  +--> ?PR?IIC_WAIT_ACK?IIC
  +--> ?PR?IIC_STOP?IIC

?PR?_WRITE_IIC_BYTE?IIC                 -----    -----
  +--> ?PR?IIC_START?IIC

?PR?IIC_WAIT_ACK?IIC                    -----    -----
  +--> ?PR?_WRITE_IIC_BYTE?IIC

?PR?_WRITE_IIC_CMD?IIC                  -----    -----
  +--> ?PR?_WRITE_IIC_BYTE?IIC
  +--> ?PR?IIC_WAIT_ACK?IIC
  +--> ?PR?IIC_STOP?IIC

?PR?OLED_CLEAR?OLED                     002FH    0002H
  +--> ?PR?_OLED_WR_BYTE?OLED

?PR?INIT_ADC?ADC1                       -----    -----
  +--> ?PR?DELAY100US?ADC1

?PR?_READ_XPT2046_ADC_VALUE?ADC         002FH    0001H
BL51 BANKED LINKER/LOCATER V6.22.2.0                                                  11/26/2022  09:22:56  PAGE 3


  +--> ?PR?_SPI_WRITE_BYTE?ADC
  +--> ?PR?SPI_READ_XPT2046_DATA?ADC

?PR?_OLED_SHOWSTRING?OLED               002FH    0006H
  +--> ?PR?_OLED_SHOWCHAR?OLED

?PR?_OLED_SHOWCHAR?OLED                 0035H    0002H
  +--> ?PR?_OLED_SET_POS?OLED
  +--> ?CO?OLED
  +--> ?PR?_OLED_WR_BYTE?OLED

?PR?_OLED_SET_POS?OLED                  0037H    0001H
  +--> ?PR?_OLED_WR_BYTE?OLED

?PR?_READ_ADC1_VALUE?ADC1               -----    -----
  +--> ?PR?DELAY100US?ADC1



SYMBOL TABLE OF MODULE:  .\Objects\test (MAIN)

  VALUE           TYPE          NAME
  ----------------------------------

  -------         MODULE        MAIN
  C:0000H         SYMBOL        _ICE_DUMMY_
  D:0080H         PUBLIC        P0
  D:0090H         PUBLIC        P1
  D:00A0H         PUBLIC        P2
  D:00B0H         PUBLIC        P3
  D:00C0H         PUBLIC        P4
  D:00C8H         PUBLIC        P5
  B:00A8H.7       PUBLIC        EA
  D:00E8H         PUBLIC        P6
  D:00F8H         PUBLIC        P7
  D:00A8H         PUBLIC        IE
  D:00B8H         PUBLIC        IP
  D:00D8H         PUBLIC        CCON
  C:0520H         PUBLIC        main
  D:0098H         PUBLIC        SCON
  D:0088H         PUBLIC        TCON
  D:00D0H         PUBLIC        PSW
  -------         PROC          MAIN
  -------         DO            
  D:0023H         SYMBOL        adc_value
  D:0025H         SYMBOL        adc_vol
  D:0029H         SYMBOL        adc_buf
  -------         ENDDO         
  C:0520H         LINE#         4
  C:0520H         LINE#         5
  C:0520H         LINE#         9
  C:0523H         LINE#         10
  C:0526H         LINE#         11
  C:0528H         LINE#         12
  C:052BH         LINE#         13
  C:052DH         LINE#         15
  C:052DH         LINE#         16
BL51 BANKED LINKER/LOCATER V6.22.2.0                                                  11/26/2022  09:22:56  PAGE 4


  C:0536H         LINE#         17
  C:055AH         LINE#         18
  C:0573H         LINE#         19
  C:057FH         LINE#         20
  C:0596H         LINE#         21
  C:05BAH         LINE#         22
  C:05E4H         LINE#         23
  C:05F0H         LINE#         24
  C:05F7H         LINE#         25
  C:05FAH         LINE#         26
  C:0607H         LINE#         28
  -------         ENDPROC       MAIN
  -------         ENDMOD        MAIN

  -------         MODULE        ADC
  C:0000H         SYMBOL        _ICE_DUMMY_
  D:0080H         PUBLIC        P0
  D:0090H         PUBLIC        P1
  D:00A0H         PUBLIC        P2
  D:00B0H         PUBLIC        P3
  D:00C0H         PUBLIC        P4
  D:00C8H         PUBLIC        P5
  D:00E8H         PUBLIC        P6
  D:00F8H         PUBLIC        P7
  D:00A8H         PUBLIC        IE
  B:00B0H.5       PUBLIC        CS
  D:00B8H         PUBLIC        IP
  D:00D8H         PUBLIC        CCON
  D:0098H         PUBLIC        SCON
  C:0873H         PUBLIC        _read_xpt2046_adc_value
  D:0088H         PUBLIC        TCON
  B:00B0H.7       PUBLIC        DOUT
  C:07D1H         PUBLIC        spi_read_xpt2046_data
  B:00B0H.6       PUBLIC        CLK
  B:00B0H.4       PUBLIC        DIN
  C:07F8H         PUBLIC        _spi_write_byte
  D:00D0H         PUBLIC        PSW
  -------         PROC          _SPI_WRITE_BYTE
  D:0007H         SYMBOL        byte
  -------         DO            
  D:0006H         SYMBOL        i
  -------         ENDDO         
  C:07F8H         LINE#         3
  C:07F8H         LINE#         4
  C:07F8H         LINE#         7
  C:07FAH         LINE#         8
  C:0806H         LINE#         9
  C:0806H         LINE#         10
  C:0811H         LINE#         11
  C:0815H         LINE#         12
  C:0817H         LINE#         13
  C:0819H         LINE#         14
  C:081CH         LINE#         16
  -------         ENDPROC       _SPI_WRITE_BYTE
  -------         PROC          SPI_READ_XPT2046_DATA
  -------         DO            
  D:0003H         SYMBOL        i
BL51 BANKED LINKER/LOCATER V6.22.2.0                                                  11/26/2022  09:22:56  PAGE 5


  D:0004H         SYMBOL        dat
  -------         ENDDO         
  C:07D1H         LINE#         18
  C:07D1H         LINE#         19
  C:07D1H         LINE#         22
  C:07D3H         LINE#         23
  C:07DFH         LINE#         24
  C:07DFH         LINE#         25
  C:07E6H         LINE#         26
  C:07E8H         LINE#         27
  C:07EAH         LINE#         28
  C:07F0H         LINE#         29
  C:07F3H         LINE#         30
  C:07F7H         LINE#         31
  -------         ENDPROC       SPI_READ_XPT2046_DATA
  -------         PROC          _READ_XPT2046_ADC_VALUE
  D:0007H         SYMBOL        cmd
  -------         DO            
  D:0006H         SYMBOL        adc_value
  D:002FH         SYMBOL        i
  -------         ENDDO         
  C:0873H         LINE#         33
  C:0873H         LINE#         34
  C:0873H         LINE#         36
  C:0876H         LINE#         37
  C:0878H         LINE#         38
  C:087AH         LINE#         39
  C:087DH         LINE#         40
  C:087FH         LINE#         41
  C:0881H         LINE#         42
  C:0884H         LINE#         43
  C:0886H         LINE#         44
  C:0886H         LINE#         46
  -------         ENDPROC       _READ_XPT2046_ADC_VALUE
  -------         ENDMOD        ADC

  -------         MODULE        IIC
  C:0000H         SYMBOL        _ICE_DUMMY_
  D:0080H         PUBLIC        P0
  D:0090H         PUBLIC        P1
  D:00A0H         PUBLIC        P2
  D:00B0H         PUBLIC        P3
  D:00C0H         PUBLIC        P4
  D:00C8H         PUBLIC        P5
  D:00E8H         PUBLIC        P6
  D:00F8H         PUBLIC        P7
  D:00A8H         PUBLIC        IE
  D:00B8H         PUBLIC        IP
  C:08CAH         PUBLIC        _Write_IIC_Data
  D:00D8H         PUBLIC        CCON
  D:0098H         PUBLIC        SCON
  D:0088H         PUBLIC        TCON
  C:077EH         PUBLIC        _Write_IIC_Byte
  C:08B7H         PUBLIC        IIC_Wait_Ack
  C:08D8H         PUBLIC        IIC_Start
  B:0080H.1       PUBLIC        SDA
  C:08E1H         PUBLIC        IIC_Stop
BL51 BANKED LINKER/LOCATER V6.22.2.0                                                  11/26/2022  09:22:56  PAGE 6


  B:0080H.0       PUBLIC        SCL
  C:08BCH         PUBLIC        _Write_IIC_CMD
  D:00D0H         PUBLIC        PSW
  -------         PROC          IIC_START
  C:08D8H         LINE#         4
  C:08D8H         LINE#         5
  C:08D8H         LINE#         6
  C:08DAH         LINE#         7
  C:08DCH         LINE#         8
  C:08DEH         LINE#         9
  C:08E0H         LINE#         10
  -------         ENDPROC       IIC_START
  -------         PROC          IIC_STOP
  C:08E1H         LINE#         12
  C:08E1H         LINE#         13
  C:08E1H         LINE#         14
  C:08E3H         LINE#         15
  C:08E5H         LINE#         16
  C:08E7H         LINE#         17
  -------         ENDPROC       IIC_STOP
  -------         PROC          L?0012
  -------         ENDPROC       L?0012
  -------         PROC          IIC_WAIT_ACK
  C:08B7H         LINE#         19
  C:08B7H         LINE#         20
  C:08B7H         LINE#         21
  C:08B9H         LINE#         22
  C:08BBH         LINE#         23
  -------         ENDPROC       IIC_WAIT_ACK
  -------         PROC          L?0013
  -------         ENDPROC       L?0013
  -------         PROC          _WRITE_IIC_BYTE
  D:0007H         SYMBOL        IIC_Byte
  -------         DO            
  D:0006H         SYMBOL        i
  D:0005H         SYMBOL        m
  D:0007H         SYMBOL        da
  -------         ENDDO         
  C:077EH         LINE#         25
  C:077EH         LINE#         26
  C:077EH         LINE#         29
  C:077EH         LINE#         30
  C:0780H         LINE#         31
  C:078CH         LINE#         32
  C:078CH         LINE#         33
  C:078EH         LINE#         34
  C:0791H         LINE#         35
  C:0796H         LINE#         36
  C:0796H         LINE#         37
  C:0798H         LINE#         38
  C:079AH         LINE#         40
  C:079CH         LINE#         41
  C:07A0H         LINE#         42
  C:07A2H         LINE#         43
  C:07A4H         LINE#         44
  C:07A7H         LINE#         45
  -------         ENDPROC       _WRITE_IIC_BYTE
BL51 BANKED LINKER/LOCATER V6.22.2.0                                                  11/26/2022  09:22:56  PAGE 7


  -------         PROC          _WRITE_IIC_CMD
  D:0004H         SYMBOL        IIC_CMD
  C:08BCH         LINE#         47
  C:08BCH         LINE#         48
  C:08BCH         LINE#         49
  C:08BCH         LINE#         50
  C:08BFH         LINE#         51
  C:08C2H         LINE#         52
  C:08C4H         LINE#         53
  C:08C4H         LINE#         54
  C:08C4H         LINE#         55
  C:08C7H         LINE#         56
  -------         ENDPROC       _WRITE_IIC_CMD
  -------         PROC          _WRITE_IIC_DATA
  D:0004H         SYMBOL        IIC_Data
  C:08CAH         LINE#         59
  C:08CAH         LINE#         60
  C:08CAH         LINE#         61
  C:08CAH         LINE#         62
  C:08CDH         LINE#         63
  C:08D0H         LINE#         64
  C:08D2H         LINE#         65
  C:08D2H         LINE#         66
  C:08D2H         LINE#         67
  C:08D5H         LINE#         68
  -------         ENDPROC       _WRITE_IIC_DATA
  -------         ENDMOD        IIC

  -------         MODULE        OLED
  C:0000H         SYMBOL        _ICE_DUMMY_
  D:0080H         PUBLIC        P0
  D:0090H         PUBLIC        P1
  D:00A0H         PUBLIC        P2
  D:00B0H         PUBLIC        P3
  D:00C0H         PUBLIC        P4
  D:00C8H         PUBLIC        P5
  D:00E8H         PUBLIC        P6
  D:00F8H         PUBLIC        P7
  D:00A8H         PUBLIC        IE
  D:00B8H         PUBLIC        IP
  C:081DH         PUBLIC        OLED_Init
  D:00D8H         PUBLIC        CCON
  C:0736H         PUBLIC        _OLED_ShowString
  C:0862H         PUBLIC        _OLED_WR_Byte
  C:0696H         PUBLIC        _OLED_ShowChar
  C:02F8H         PUBLIC        F6x8
  D:0008H         PUBLIC        cmd_data
  D:0098H         PUBLIC        SCON
  D:0088H         PUBLIC        TCON
  C:07A8H         PUBLIC        _OLED_Set_Pos
  C:06EBH         PUBLIC        OLED_Clear
  D:00D0H         PUBLIC        PSW
  -------         PROC          L?0024
  -------         ENDPROC       L?0024
  -------         PROC          _OLED_WR_BYTE
  D:0038H         SYMBOL        dat
  D:0004H         SYMBOL        cmd
BL51 BANKED LINKER/LOCATER V6.22.2.0                                                  11/26/2022  09:22:56  PAGE 8


  C:0862H         LINE#         8
  C:0866H         LINE#         9
  C:0866H         LINE#         10
  C:086AH         LINE#         11
  C:086DH         LINE#         12
  C:086DH         LINE#         13
  C:0872H         LINE#         14
  C:0872H         LINE#         15
  -------         ENDPROC       _OLED_WR_BYTE
  -------         PROC          _OLED_SET_POS
  D:0037H         SYMBOL        x
  D:0005H         SYMBOL        y
  C:07A8H         LINE#         17
  C:07AAH         LINE#         18
  C:07AAH         LINE#         19
  C:07B2H         LINE#         20
  C:07C4H         LINE#         21
  -------         ENDPROC       _OLED_SET_POS
  -------         PROC          OLED_CLEAR
  -------         DO            
  D:002FH         SYMBOL        i
  D:0030H         SYMBOL        n
  -------         ENDDO         
  C:06EBH         LINE#         24
  C:06EBH         LINE#         25
  C:06EBH         LINE#         27
  C:06FCH         LINE#         28
  C:0704H         LINE#         29
  C:070CH         LINE#         30
  C:0715H         LINE#         31
  C:0731H         LINE#         32
  C:0735H         LINE#         33
  -------         ENDPROC       OLED_CLEAR
  -------         PROC          _OLED_SHOWCHAR
  D:0007H         SYMBOL        x
  D:0005H         SYMBOL        y
  D:0003H         SYMBOL        chr
  -------         DO            
  D:0035H         SYMBOL        c
  D:0036H         SYMBOL        i
  -------         ENDDO         
  C:0696H         LINE#         35
  C:0696H         LINE#         36
  C:0696H         LINE#         37
  C:069BH         LINE#         38
  C:06A0H         LINE#         39
  C:06AAH         LINE#         40
  C:06ACH         LINE#         41
  C:06AEH         LINE#         42
  C:06AEH         LINE#         44
  C:06B1H         LINE#         45
  C:06BFH         LINE#         46
  C:06EAH         LINE#         47
  -------         ENDPROC       _OLED_SHOWCHAR
  -------         PROC          _OLED_SHOWSTRING
  D:002FH         SYMBOL        x
  D:0030H         SYMBOL        y
BL51 BANKED LINKER/LOCATER V6.22.2.0                                                  11/26/2022  09:22:56  PAGE 9


  D:0031H         SYMBOL        chr
  -------         DO            
  D:0034H         SYMBOL        j
  -------         ENDDO         
  C:0736H         LINE#         49
  C:0740H         LINE#         50
  C:0740H         LINE#         51
  C:0743H         LINE#         52
  C:0755H         LINE#         53
  C:075CH         LINE#         54
  C:0762H         LINE#         55
  C:076BH         LINE#         56
  C:076EH         LINE#         57
  C:0772H         LINE#         58
  C:0772H         LINE#         59
  C:0774H         LINE#         60
  C:0776H         LINE#         61
  -------         ENDPROC       _OLED_SHOWSTRING
  -------         PROC          OLED_INIT
  -------         DO            
  D:002FH         SYMBOL        i
  -------         ENDDO         
  C:081DH         LINE#         63
  C:081DH         LINE#         64
  C:081DH         LINE#         65
  C:0820H         LINE#         66
  C:082BH         LINE#         67
  C:083AH         LINE#         68
  C:083CH         LINE#         69
  C:083EH         LINE#         70
  -------         ENDPROC       OLED_INIT
  -------         ENDMOD        OLED

  -------         MODULE        ADC1
  C:0000H         SYMBOL        _ICE_DUMMY_
  D:0092H         PUBLIC        P1M0
  D:0091H         PUBLIC        P1M1
  D:0080H         PUBLIC        P0
  D:0090H         PUBLIC        P1
  D:00A0H         PUBLIC        P2
  D:00B0H         PUBLIC        P3
  D:00C0H         PUBLIC        P4
  D:00C8H         PUBLIC        P5
  D:00E8H         PUBLIC        P6
  D:00F8H         PUBLIC        P7
  D:00A8H         PUBLIC        IE
  D:00BDH         PUBLIC        ADC_RES
  D:00B8H         PUBLIC        IP
  D:00D8H         PUBLIC        CCON
  D:00BCH         PUBLIC        ADC_CONTR
  D:0098H         PUBLIC        SCON
  D:0088H         PUBLIC        TCON
  C:089AH         PUBLIC        init_adc
  C:0887H         PUBLIC        _read_adc1_value
  C:08E8H         PUBLIC        Delay100us
  D:00D0H         PUBLIC        PSW
  -------         PROC          DELAY100US
BL51 BANKED LINKER/LOCATER V6.22.2.0                                                  11/26/2022  09:22:56  PAGE 10


  -------         DO            
  D:0007H         SYMBOL        i
  -------         ENDDO         
  C:08E8H         LINE#         3
  C:08E8H         LINE#         4
  C:08E8H         LINE#         7
  C:08EAH         LINE#         8
  C:08ECH         LINE#         9
  -------         ENDPROC       DELAY100US
  -------         PROC          INIT_ADC
  C:089AH         LINE#         11
  C:089AH         LINE#         12
  C:089AH         LINE#         13
  C:08A3H         LINE#         14
  C:08A6H         LINE#         15
  C:08A9H         LINE#         16
  -------         ENDPROC       INIT_ADC
  -------         PROC          _READ_ADC1_VALUE
  D:0007H         SYMBOL        ch
  C:0887H         LINE#         19
  C:0887H         LINE#         20
  C:0887H         LINE#         21
  C:088CH         LINE#         22
  C:088FH         LINE#         23
  C:0894H         LINE#         24
  C:0897H         LINE#         25
  C:0899H         LINE#         26
  -------         ENDPROC       _READ_ADC1_VALUE
  -------         ENDMOD        ADC1

  -------         MODULE        ?C?FPMUL
  C:0003H         PUBLIC        ?C?FPMUL
  -------         ENDMOD        ?C?FPMUL

  -------         MODULE        ?C?FPDIV
  C:010CH         PUBLIC        ?C?FPDIV
  -------         ENDMOD        ?C?FPDIV

  -------         MODULE        ?C?FCAST
  C:01B3H         PUBLIC        ?C?FCASTC
  C:01AEH         PUBLIC        ?C?FCASTI
  C:01A9H         PUBLIC        ?C?FCASTL
  -------         ENDMOD        ?C?FCAST

  -------         MODULE        ?C?CASTF
  C:01E7H         PUBLIC        ?C?CASTF
  -------         ENDMOD        ?C?CASTF

  -------         MODULE        ?C?CLDOPTR
  C:0268H         PUBLIC        ?C?CLDOPTR
  -------         ENDMOD        ?C?CLDOPTR

  -------         MODULE        ?C?UIDIV
  C:0295H         PUBLIC        ?C?UIDIV
  -------         ENDMOD        ?C?UIDIV

  -------         MODULE        ?C?LNEG
BL51 BANKED LINKER/LOCATER V6.22.2.0                                                  11/26/2022  09:22:56  PAGE 11


  C:02EAH         PUBLIC        ?C?LNEG
  -------         ENDMOD        ?C?LNEG

Program Size: data=59.0 xdata=0 code=2285
LINK/LOCATE RUN COMPLETE.  0 WARNING(S),  0 ERROR(S)
