BL51 BANKED LINKER/LOCATER V6.22.2.0                                                    11/26/2022  22:22:10  PAGE 1


BL51 BANKED LINKER/LOCATER V6.22.2.0, INVOKED BY:
D:\APP\KEIL\C51\BIN\BL51.EXE .\Objects\main.obj, .\Objects\adc_driver.obj, .\Objects\oled.obj, .\Objects\iic.obj TO .\Ob
>> jects\adc_test2 PRINT (.\Listings\adc_test2.m51) RAMSIZE (256)


MEMORY MODEL: SMALL WITH FLOATING POINT ARITHMETIC


INPUT MODULES INCLUDED:
  .\Objects\main.obj (MAIN)
  .\Objects\adc_driver.obj (ADC_DRIVER)
  .\Objects\oled.obj (OLED)
  .\Objects\iic.obj (IIC)
  D:\APP\KEIL\C51\LIB\C51FPS.LIB (?C?FPMUL)
  D:\APP\KEIL\C51\LIB\C51FPS.LIB (?C?FPDIV)
  D:\APP\KEIL\C51\LIB\C51FPS.LIB (?C?FCAST)
  D:\APP\KEIL\C51\LIB\C51FPS.LIB (?C?CASTF)
  D:\APP\KEIL\C51\LIB\C51FPS.LIB (?C?FPGETOPN)
  D:\APP\KEIL\C51\LIB\C51S.LIB (?C_STARTUP)
  D:\APP\KEIL\C51\LIB\C51S.LIB (?C?CLDOPTR)
  D:\APP\KEIL\C51\LIB\C51S.LIB (?C?UIDIV)
  D:\APP\KEIL\C51\LIB\C51S.LIB (?C?LNEG)
  D:\APP\KEIL\C51\LIB\C51S.LIB (?C_INIT)


LINK MAP OF MODULE:  .\Objects\adc_test2 (MAIN)


            TYPE    BASE      LENGTH    RELOCATION   SEGMENT NAME
            -----------------------------------------------------

            * * * * * * *   D A T A   M E M O R Y   * * * * * * *
            REG     0000H     0008H     ABSOLUTE     "REG BANK 0"
            DATA    0008H     001BH     UNIT         ?DT?OLED
            DATA    0023H     0017H     UNIT         _DATA_GROUP_
            IDATA   003AH     0001H     UNIT         ?STACK

            * * * * * * *   C O D E   M E M O R Y   * * * * * * *
            CODE    0000H     0003H     ABSOLUTE     
            CODE    0003H     02F5H     UNIT         ?C?LIB_CODE
            CODE    02F8H     0228H     UNIT         ?CO?OLED
            CODE    0520H     00D4H     UNIT         ?PR?MAIN?MAIN
            CODE    05F4H     008CH     UNIT         ?C_C51STARTUP
            CODE    0680H     0055H     UNIT         ?PR?_OLED_SHOWCHAR?OLED
            CODE    06D5H     004BH     UNIT         ?PR?OLED_CLEAR?OLED
            CODE    0720H     0041H     UNIT         ?PR?_OLED_SHOWSTRING?OLED
            CODE    0761H     0031H     UNIT         ?PR?_WRITE_IIC_BYTE?IIC
            CODE    0792H     0029H     UNIT         ?PR?_OLED_SET_POS?OLED
            CODE    07BBH     0022H     UNIT         ?PR?OLED_INIT?OLED
            CODE    07DDH     001EH     UNIT         ?C_INITSEG
            CODE    07FBH     0016H     UNIT         ?PR?_OLED_WR_BYTE?OLED
            CODE    0811H     0010H     UNIT         ?PR?INIT_ADC?ADC_DRIVER
            CODE    0821H     0010H     UNIT         ?PR?_READ_ADC1_VALUE?ADC_DRIVER
            CODE    0831H     0010H     UNIT         ?PR?IIC_WAIT_ACK?IIC
            CODE    0841H     000EH     UNIT         ?PR?_WRITE_IIC_CMD?IIC
            CODE    084FH     000EH     UNIT         ?PR?_WRITE_IIC_DATA?IIC
            CODE    085DH     0009H     UNIT         ?PR?IIC_START?IIC
            CODE    0866H     0007H     UNIT         ?PR?IIC_STOP?IIC
BL51 BANKED LINKER/LOCATER V6.22.2.0                                                  11/26/2022  22:22:10  PAGE 2





OVERLAY MAP OF MODULE:   .\Objects\adc_test2 (MAIN)


SEGMENT                                   DATA_GROUP 
  +--> CALLED SEGMENT                   START    LENGTH
-------------------------------------------------------
?C_C51STARTUP                           -----    -----
  +--> ?PR?MAIN?MAIN
  +--> ?C_INITSEG

?PR?MAIN?MAIN                           0023H    000CH
  +--> ?PR?OLED_INIT?OLED
  +--> ?PR?OLED_CLEAR?OLED
  +--> ?PR?INIT_ADC?ADC_DRIVER
  +--> ?PR?_READ_ADC1_VALUE?ADC_DRIVER
  +--> ?PR?_OLED_SHOWSTRING?OLED

?PR?OLED_INIT?OLED                      002FH    0001H
  +--> ?PR?_OLED_WR_BYTE?OLED

?PR?_OLED_WR_BYTE?OLED                  0038H    0002H
  +--> ?PR?_WRITE_IIC_DATA?IIC
  +--> ?PR?_WRITE_IIC_CMD?IIC

?PR?_WRITE_IIC_DATA?IIC                 -----    -----
  +--> ?PR?_WRITE_IIC_BYTE?IIC
  +--> ?PR?IIC_WAIT_ACK?IIC
  +--> ?PR?IIC_STOP?IIC

?PR?_WRITE_IIC_BYTE?IIC                 -----    -----
  +--> ?PR?IIC_START?IIC

?PR?IIC_WAIT_ACK?IIC                    -----    -----
  +--> ?PR?_WRITE_IIC_BYTE?IIC

?PR?_WRITE_IIC_CMD?IIC                  -----    -----
  +--> ?PR?_WRITE_IIC_BYTE?IIC
  +--> ?PR?IIC_WAIT_ACK?IIC
  +--> ?PR?IIC_STOP?IIC

?PR?OLED_CLEAR?OLED                     002FH    0002H
  +--> ?PR?_OLED_WR_BYTE?OLED

?PR?_OLED_SHOWSTRING?OLED               002FH    0006H
  +--> ?PR?_OLED_SHOWCHAR?OLED

?PR?_OLED_SHOWCHAR?OLED                 0035H    0002H
  +--> ?PR?_OLED_SET_POS?OLED
  +--> ?CO?OLED
  +--> ?PR?_OLED_WR_BYTE?OLED

?PR?_OLED_SET_POS?OLED                  0037H    0001H
  +--> ?PR?_OLED_WR_BYTE?OLED

BL51 BANKED LINKER/LOCATER V6.22.2.0                                                  11/26/2022  22:22:10  PAGE 3




SYMBOL TABLE OF MODULE:  .\Objects\adc_test2 (MAIN)

  VALUE           TYPE          NAME
  ----------------------------------

  -------         MODULE        MAIN
  C:0000H         SYMBOL        _ICE_DUMMY_
  D:0080H         PUBLIC        P0
  D:0090H         PUBLIC        P1
  D:00A0H         PUBLIC        P2
  D:00B0H         PUBLIC        P3
  D:00C0H         PUBLIC        P4
  D:00C8H         PUBLIC        P5
  B:00A8H.7       PUBLIC        EA
  D:00A8H         PUBLIC        IE
  D:00B8H         PUBLIC        IP
  D:00D8H         PUBLIC        CCON
  C:0520H         PUBLIC        main
  D:0098H         PUBLIC        SCON
  D:0088H         PUBLIC        TCON
  D:00D0H         PUBLIC        PSW
  -------         PROC          MAIN
  -------         DO            
  D:0023H         SYMBOL        i
  D:0025H         SYMBOL        j
  D:0029H         SYMBOL        adc_buf
  -------         ENDDO         
  C:0520H         LINE#         3
  C:0520H         LINE#         4
  C:0520H         LINE#         8
  C:0523H         LINE#         9
  C:0526H         LINE#         10
  C:0528H         LINE#         11
  C:052BH         LINE#         12
  C:052DH         LINE#         13
  C:052DH         LINE#         14
  C:052DH         LINE#         15
  C:0537H         LINE#         16
  C:055BH         LINE#         17
  C:0574H         LINE#         18
  C:0580H         LINE#         19
  C:0597H         LINE#         20
  C:05BBH         LINE#         21
  C:05E5H         LINE#         22
  C:05F1H         LINE#         23
  -------         ENDPROC       MAIN
  -------         ENDMOD        MAIN

  -------         MODULE        ADC_DRIVER
  C:0000H         SYMBOL        _ICE_DUMMY_
  D:0092H         PUBLIC        P1M0
  D:0091H         PUBLIC        P1M1
  D:0080H         PUBLIC        P0
  D:0090H         PUBLIC        P1
  D:00A0H         PUBLIC        P2
BL51 BANKED LINKER/LOCATER V6.22.2.0                                                  11/26/2022  22:22:10  PAGE 4


  D:00B0H         PUBLIC        P3
  D:00C0H         PUBLIC        P4
  D:00C8H         PUBLIC        P5
  D:00A8H         PUBLIC        IE
  D:00BDH         PUBLIC        ADC_RES
  D:00B8H         PUBLIC        IP
  D:00D8H         PUBLIC        CCON
  D:00BCH         PUBLIC        ADC_CONTR
  D:0098H         PUBLIC        SCON
  D:0088H         PUBLIC        TCON
  C:0811H         PUBLIC        init_adc
  C:0821H         PUBLIC        _read_adc1_value
  D:00D0H         PUBLIC        PSW
  -------         PROC          INIT_ADC
  C:0811H         LINE#         3
  C:0811H         LINE#         4
  C:0811H         LINE#         5
  C:081AH         LINE#         6
  C:081DH         LINE#         7
  C:0820H         LINE#         9
  -------         ENDPROC       INIT_ADC
  -------         PROC          _READ_ADC1_VALUE
  D:0007H         SYMBOL        ch
  C:0821H         LINE#         11
  C:0821H         LINE#         12
  C:0821H         LINE#         13
  C:0826H         LINE#         15
  C:082BH         LINE#         16
  C:082EH         LINE#         17
  C:0830H         LINE#         18
  -------         ENDPROC       _READ_ADC1_VALUE
  -------         ENDMOD        ADC_DRIVER

  -------         MODULE        OLED
  C:0000H         SYMBOL        _ICE_DUMMY_
  D:0080H         PUBLIC        P0
  D:0090H         PUBLIC        P1
  D:00A0H         PUBLIC        P2
  D:00B0H         PUBLIC        P3
  D:00C0H         PUBLIC        P4
  D:00C8H         PUBLIC        P5
  D:00A8H         PUBLIC        IE
  D:00B8H         PUBLIC        IP
  C:07BBH         PUBLIC        OLED_Init
  D:00D8H         PUBLIC        CCON
  C:0720H         PUBLIC        _OLED_ShowString
  C:0800H         PUBLIC        _OLED_WR_Byte
  C:0680H         PUBLIC        _OLED_ShowChar
  C:02F8H         PUBLIC        F6x8
  D:0008H         PUBLIC        cmd_data
  D:0098H         PUBLIC        SCON
  D:0088H         PUBLIC        TCON
  C:0792H         PUBLIC        _OLED_Set_Pos
  C:06D5H         PUBLIC        OLED_Clear
  D:00D0H         PUBLIC        PSW
  -------         PROC          L?0024
  -------         ENDPROC       L?0024
BL51 BANKED LINKER/LOCATER V6.22.2.0                                                  11/26/2022  22:22:10  PAGE 5


  -------         PROC          _OLED_WR_BYTE
  D:0038H         SYMBOL        dat
  D:0004H         SYMBOL        cmd
  C:0800H         LINE#         8
  C:0804H         LINE#         9
  C:0804H         LINE#         10
  C:0808H         LINE#         11
  C:080BH         LINE#         12
  C:080BH         LINE#         13
  C:0810H         LINE#         14
  C:0810H         LINE#         15
  -------         ENDPROC       _OLED_WR_BYTE
  -------         PROC          _OLED_SET_POS
  D:0037H         SYMBOL        x
  D:0005H         SYMBOL        y
  C:0792H         LINE#         17
  C:0794H         LINE#         18
  C:0794H         LINE#         19
  C:079CH         LINE#         20
  C:07AEH         LINE#         21
  -------         ENDPROC       _OLED_SET_POS
  -------         PROC          OLED_CLEAR
  -------         DO            
  D:002FH         SYMBOL        i
  D:0030H         SYMBOL        n
  -------         ENDDO         
  C:06D5H         LINE#         24
  C:06D5H         LINE#         25
  C:06D5H         LINE#         27
  C:06E6H         LINE#         28
  C:06EEH         LINE#         29
  C:06F6H         LINE#         30
  C:06FFH         LINE#         31
  C:071BH         LINE#         32
  C:071FH         LINE#         33
  -------         ENDPROC       OLED_CLEAR
  -------         PROC          _OLED_SHOWCHAR
  D:0007H         SYMBOL        x
  D:0005H         SYMBOL        y
  D:0003H         SYMBOL        chr
  -------         DO            
  D:0035H         SYMBOL        c
  D:0036H         SYMBOL        i
  -------         ENDDO         
  C:0680H         LINE#         35
  C:0680H         LINE#         36
  C:0680H         LINE#         37
  C:0685H         LINE#         38
  C:068AH         LINE#         39
  C:0694H         LINE#         40
  C:0696H         LINE#         41
  C:0698H         LINE#         42
  C:0698H         LINE#         44
  C:069BH         LINE#         45
  C:06A9H         LINE#         46
  C:06D4H         LINE#         47
  -------         ENDPROC       _OLED_SHOWCHAR
BL51 BANKED LINKER/LOCATER V6.22.2.0                                                  11/26/2022  22:22:10  PAGE 6


  -------         PROC          _OLED_SHOWSTRING
  D:002FH         SYMBOL        x
  D:0030H         SYMBOL        y
  D:0031H         SYMBOL        chr
  -------         DO            
  D:0034H         SYMBOL        j
  -------         ENDDO         
  C:0720H         LINE#         49
  C:072AH         LINE#         50
  C:072AH         LINE#         51
  C:072DH         LINE#         52
  C:073FH         LINE#         53
  C:0746H         LINE#         54
  C:074CH         LINE#         55
  C:0755H         LINE#         56
  C:0758H         LINE#         57
  C:075CH         LINE#         58
  C:075CH         LINE#         59
  C:075EH         LINE#         60
  C:0760H         LINE#         61
  -------         ENDPROC       _OLED_SHOWSTRING
  -------         PROC          OLED_INIT
  -------         DO            
  D:002FH         SYMBOL        i
  -------         ENDDO         
  C:07BBH         LINE#         63
  C:07BBH         LINE#         64
  C:07BBH         LINE#         65
  C:07BEH         LINE#         66
  C:07C9H         LINE#         67
  C:07D8H         LINE#         68
  C:07DAH         LINE#         69
  C:07DCH         LINE#         70
  -------         ENDPROC       OLED_INIT
  -------         ENDMOD        OLED

  -------         MODULE        IIC
  C:0000H         SYMBOL        _ICE_DUMMY_
  D:0080H         PUBLIC        P0
  D:0090H         PUBLIC        P1
  D:00A0H         PUBLIC        P2
  D:00B0H         PUBLIC        P3
  D:00C0H         PUBLIC        P4
  D:00C8H         PUBLIC        P5
  D:00A8H         PUBLIC        IE
  D:00B8H         PUBLIC        IP
  C:084FH         PUBLIC        _Write_IIC_Data
  D:00D8H         PUBLIC        CCON
  D:0098H         PUBLIC        SCON
  D:0088H         PUBLIC        TCON
  C:0768H         PUBLIC        _Write_IIC_Byte
  C:083CH         PUBLIC        IIC_Wait_Ack
  C:085DH         PUBLIC        IIC_Start
  B:0080H.1       PUBLIC        SDA
  C:0866H         PUBLIC        IIC_Stop
  B:0080H.0       PUBLIC        SCL
  C:0841H         PUBLIC        _Write_IIC_CMD
BL51 BANKED LINKER/LOCATER V6.22.2.0                                                  11/26/2022  22:22:10  PAGE 7


  D:00D0H         PUBLIC        PSW
  -------         PROC          IIC_START
  C:085DH         LINE#         3
  C:085DH         LINE#         4
  C:085DH         LINE#         5
  C:085FH         LINE#         6
  C:0861H         LINE#         7
  C:0863H         LINE#         8
  C:0865H         LINE#         9
  -------         ENDPROC       IIC_START
  -------         PROC          IIC_STOP
  C:0866H         LINE#         11
  C:0866H         LINE#         12
  C:0866H         LINE#         13
  C:0868H         LINE#         14
  C:086AH         LINE#         15
  C:086CH         LINE#         16
  -------         ENDPROC       IIC_STOP
  -------         PROC          L?0012
  -------         ENDPROC       L?0012
  -------         PROC          IIC_WAIT_ACK
  C:083CH         LINE#         18
  C:083CH         LINE#         19
  C:083CH         LINE#         20
  C:083EH         LINE#         21
  C:0840H         LINE#         22
  -------         ENDPROC       IIC_WAIT_ACK
  -------         PROC          L?0013
  -------         ENDPROC       L?0013
  -------         PROC          _WRITE_IIC_BYTE
  D:0007H         SYMBOL        IIC_Byte
  -------         DO            
  D:0006H         SYMBOL        i
  D:0005H         SYMBOL        m
  D:0007H         SYMBOL        da
  -------         ENDDO         
  C:0768H         LINE#         24
  C:0768H         LINE#         25
  C:0768H         LINE#         28
  C:0768H         LINE#         29
  C:076AH         LINE#         30
  C:0776H         LINE#         31
  C:0778H         LINE#         32
  C:077BH         LINE#         33
  C:0780H         LINE#         34
  C:0782H         LINE#         35
  C:0784H         LINE#         36
  C:0786H         LINE#         37
  C:078AH         LINE#         38
  C:078CH         LINE#         39
  C:078EH         LINE#         40
  C:0791H         LINE#         41
  -------         ENDPROC       _WRITE_IIC_BYTE
  -------         PROC          _WRITE_IIC_CMD
  D:0004H         SYMBOL        IIC_CMD
  C:0841H         LINE#         43
  C:0841H         LINE#         44
BL51 BANKED LINKER/LOCATER V6.22.2.0                                                  11/26/2022  22:22:10  PAGE 8


  C:0841H         LINE#         45
  C:0841H         LINE#         46
  C:0844H         LINE#         47
  C:0847H         LINE#         48
  C:0849H         LINE#         49
  C:0849H         LINE#         50
  C:0849H         LINE#         51
  C:084CH         LINE#         52
  -------         ENDPROC       _WRITE_IIC_CMD
  -------         PROC          _WRITE_IIC_DATA
  D:0004H         SYMBOL        IIC_Data
  C:084FH         LINE#         55
  C:084FH         LINE#         56
  C:084FH         LINE#         57
  C:084FH         LINE#         58
  C:0852H         LINE#         59
  C:0855H         LINE#         60
  C:0857H         LINE#         61
  C:0857H         LINE#         62
  C:0857H         LINE#         63
  C:085AH         LINE#         64
  -------         ENDPROC       _WRITE_IIC_DATA
  -------         ENDMOD        IIC

  -------         MODULE        ?C?FPMUL
  C:0003H         PUBLIC        ?C?FPMUL
  -------         ENDMOD        ?C?FPMUL

  -------         MODULE        ?C?FPDIV
  C:010CH         PUBLIC        ?C?FPDIV
  -------         ENDMOD        ?C?FPDIV

  -------         MODULE        ?C?FCAST
  C:01B3H         PUBLIC        ?C?FCASTC
  C:01AEH         PUBLIC        ?C?FCASTI
  C:01A9H         PUBLIC        ?C?FCASTL
  -------         ENDMOD        ?C?FCAST

  -------         MODULE        ?C?CASTF
  C:01E7H         PUBLIC        ?C?CASTF
  -------         ENDMOD        ?C?CASTF

  -------         MODULE        ?C?CLDOPTR
  C:0268H         PUBLIC        ?C?CLDOPTR
  -------         ENDMOD        ?C?CLDOPTR

  -------         MODULE        ?C?UIDIV
  C:0295H         PUBLIC        ?C?UIDIV
  -------         ENDMOD        ?C?UIDIV

  -------         MODULE        ?C?LNEG
  C:02EAH         PUBLIC        ?C?LNEG
  -------         ENDMOD        ?C?LNEG

Program Size: data=59.0 xdata=0 code=2157
LINK/LOCATE RUN COMPLETE.  0 WARNING(S),  0 ERROR(S)
