BL51 BANKED LINKER/LOCATER V6.22.2.0                                                    12/29/2022  12:09:21  PAGE 1


BL51 BANKED LINKER/LOCATER V6.22.2.0, INVOKED BY:
D:\APP\KEIL\C51\BIN\BL51.EXE .\Objects\main.obj TO .\Objects\reciver_test PRINT (.\Listings\reciver_test.m51) RAMSIZE (2
>> 56)


MEMORY MODEL: SMALL


INPUT MODULES INCLUDED:
  .\Objects\main.obj (MAIN)
  D:\APP\KEIL\C51\LIB\C51S.LIB (?C_STARTUP)
  D:\APP\KEIL\C51\LIB\C51S.LIB (?C?CLDPTR)
  D:\APP\KEIL\C51\LIB\C51S.LIB (?C?CLDOPTR)
  D:\APP\KEIL\C51\LIB\C51S.LIB (?C?CSTOPTR)
  D:\APP\KEIL\C51\LIB\C51S.LIB (?C?IMUL)
  D:\APP\KEIL\C51\LIB\C51S.LIB (?C?UIDIV)
  D:\APP\KEIL\C51\LIB\C51S.LIB (?C?LMUL)
  D:\APP\KEIL\C51\LIB\C51S.LIB (?C?SLDIV)
  D:\APP\KEIL\C51\LIB\C51S.LIB (?C?LLDIDATA0)
  D:\APP\KEIL\C51\LIB\C51S.LIB (?C?LSTIDATA)
  D:\APP\KEIL\C51\LIB\C51S.LIB (?C_INIT)
  D:\APP\KEIL\C51\LIB\C51S.LIB (?C?ULDIV)


LINK MAP OF MODULE:  .\Objects\reciver_test (MAIN)


            TYPE    BASE      LENGTH    RELOCATION   SEGMENT NAME
            -----------------------------------------------------

            * * * * * * *   D A T A   M E M O R Y   * * * * * * *
            REG     0000H     0008H     ABSOLUTE     "REG BANK 0"
            DATA    0008H     0006H     UNIT         _DATA_GROUP_
            IDATA   000EH     0008H     UNIT         ?ID?MAIN
                    0016H     000AH                  *** GAP ***
            BIT     0020H.0   0002H.5   UNIT         ?BI?MAIN
                    0022H.5   0000H.3                *** GAP ***
            DATA    0023H     0053H     UNIT         ?DT?MAIN
            IDATA   0076H     0001H     UNIT         ?STACK

            * * * * * * *  X D A T A   M E M O R Y  * * * * * * *
            XDATA   0000H     0096H     UNIT         ?XD?MAIN

            * * * * * * *   C O D E   M E M O R Y   * * * * * * *
            CODE    0000H     0003H     ABSOLUTE     
                    0003H     0008H                  *** GAP ***
            CODE    000BH     0003H     ABSOLUTE     
            CODE    000EH     0024H     UNIT         ?PR?_EEPROM_READ?MAIN
            CODE    0032H     0009H     UNIT         ?PR?DELAY1MS?MAIN
            CODE    003BH     0003H     ABSOLUTE     
            CODE    003EH     0024H     UNIT         ?PR?_EEPROM_WRITE?MAIN
                    0062H     0001H                  *** GAP ***
            CODE    0063H     0003H     ABSOLUTE     
            CODE    0066H     04BFH     UNIT         ?PR?MAIN?MAIN
            CODE    0525H     03DCH     UNIT         ?PR?ET0_ISR?MAIN
            CODE    0901H     0241H     UNIT         ?PR?DATA_READ?MAIN
            CODE    0B42H     0237H     UNIT         ?PR?CYCLE?MAIN
            CODE    0D79H     021EH     UNIT         ?PR?GET_SBUS_DATA?MAIN
BL51 BANKED LINKER/LOCATER V6.22.2.0                                                  12/29/2022  12:09:21  PAGE 2


            CODE    0F97H     0205H     UNIT         ?C?LIB_CODE
            CODE    119CH     0168H     UNIT         ?PR?DATA_SAVE?MAIN
            CODE    1304H     00A1H     UNIT         ?PR?RECEIVER_CONNECT?MAIN
            CODE    13A5H     009FH     UNIT         ?PR?INITIAL?MAIN
            CODE    1444H     008CH     UNIT         ?C_C51STARTUP
            CODE    14D0H     0087H     UNIT         ?PR?NRF_TEST?MAIN
            CODE    1557H     0085H     UNIT         ?PR?_DATA_CHECK?MAIN
            CODE    15DCH     0069H     UNIT         ?CO?MAIN
            CODE    1645H     0055H     UNIT         ?C_INITSEG
            CODE    169AH     0051H     UNIT         ?PR?_SPI?MAIN
            CODE    16EBH     0044H     UNIT         ?PR?PCA_ISR?MAIN
            CODE    172FH     0044H     UNIT         ?C?LDIV
            CODE    1773H     003BH     UNIT         ?PR?ET2?MAIN
            CODE    17AEH     0036H     UNIT         ?PR?_FIFO_READ?MAIN
            CODE    17E4H     0035H     UNIT         ?PR?NRF_INIT?MAIN
            CODE    1819H     0032H     UNIT         ?PR?_EEPROM_TEST?MAIN
            CODE    184BH     0032H     UNIT         ?PR?_NRF_POWER?MAIN
            CODE    187DH     0030H     UNIT         ?PR?_FIFO_WRITE?MAIN
            CODE    18ADH     0018H     UNIT         ?PR?_RX_ADDRESS?MAIN
            CODE    18C5H     0017H     UNIT         ?PR?_REG_WRITE?MAIN
            CODE    18DCH     0017H     UNIT         ?PR?_LED_FLASH?MAIN
            CODE    18F3H     0013H     UNIT         ?PR?_NRF_CHANNEL?MAIN
            CODE    1906H     0010H     UNIT         ?PR?_EEPROM_CLEAN?MAIN
            CODE    1916H     0010H     UNIT         ?PR?UARTINIT?MAIN
            CODE    1926H     000EH     UNIT         ?PR?_DELAY_MS?MAIN
            CODE    1934H     000CH     UNIT         ?PR?RX_MODE?MAIN
            CODE    1940H     000CH     UNIT         ?PR?TX_MODE?MAIN
            CODE    194CH     000CH     UNIT         ?PR?_NRF_SIZE?MAIN
            CODE    1958H     000AH     UNIT         ?PR?_TX_ADDRESS?MAIN



OVERLAY MAP OF MODULE:   .\Objects\reciver_test (MAIN)


SEGMENT                             DATA_GROUP 
  +--> CALLED SEGMENT             START    LENGTH
-------------------------------------------------
?PR?ET0_ISR?MAIN                  0008H    0002H

*** NEW ROOT ***************************************************

?PR?PCA_ISR?MAIN                  -----    -----
  +--> ?PR?CYCLE?MAIN

?PR?CYCLE?MAIN                    -----    -----
  +--> ?PR?GET_SBUS_DATA?MAIN
  +--> ?PR?DATA_SAVE?MAIN

?PR?DATA_SAVE?MAIN                -----    -----
  +--> ?PR?_EEPROM_CLEAN?MAIN
  +--> ?PR?_EEPROM_WRITE?MAIN

*** NEW ROOT ***************************************************

?PR?ET2?MAIN                      -----    -----
  +--> ?PR?CYCLE?MAIN
BL51 BANKED LINKER/LOCATER V6.22.2.0                                                  12/29/2022  12:09:21  PAGE 3



*** NEW ROOT ***************************************************

?C_C51STARTUP                     -----    -----
  +--> ?PR?MAIN?MAIN
  +--> ?C_INITSEG

?PR?MAIN?MAIN                     -----    -----
  +--> ?PR?_DELAY_MS?MAIN
  +--> ?PR?INITIAL?MAIN
  +--> ?PR?UARTINIT?MAIN
  +--> ?PR?_NRF_CHANNEL?MAIN
  +--> ?PR?_FIFO_READ?MAIN
  +--> ?PR?_REG_WRITE?MAIN
  +--> ?PR?TX_MODE?MAIN
  +--> ?PR?_FIFO_WRITE?MAIN
  +--> ?PR?DELAY1MS?MAIN
  +--> ?PR?RX_MODE?MAIN
  +--> ?CO?MAIN
  +--> ?PR?_DATA_CHECK?MAIN
  +--> ?PR?GET_SBUS_DATA?MAIN

?PR?_DELAY_MS?MAIN                -----    -----
  +--> ?PR?DELAY1MS?MAIN

?PR?INITIAL?MAIN                  -----    -----
  +--> ?PR?DELAY1MS?MAIN
  +--> ?PR?_EEPROM_TEST?MAIN
  +--> ?PR?_DELAY_MS?MAIN
  +--> ?PR?DATA_READ?MAIN
  +--> ?PR?_DATA_CHECK?MAIN
  +--> ?PR?NRF_TEST?MAIN
  +--> ?PR?_LED_FLASH?MAIN
  +--> ?PR?NRF_INIT?MAIN
  +--> ?PR?RECEIVER_CONNECT?MAIN

?PR?_EEPROM_TEST?MAIN             -----    -----
  +--> ?PR?_EEPROM_CLEAN?MAIN
  +--> ?PR?_EEPROM_WRITE?MAIN
  +--> ?PR?_EEPROM_READ?MAIN

?PR?DATA_READ?MAIN                000AH    0002H
  +--> ?PR?_EEPROM_READ?MAIN

?PR?NRF_TEST?MAIN                 000AH    0001H
  +--> ?PR?_SPI?MAIN
  +--> ?PR?_REG_WRITE?MAIN
  +--> ?PR?_FIFO_WRITE?MAIN
  +--> ?PR?_DELAY_MS?MAIN

?PR?_REG_WRITE?MAIN               -----    -----
  +--> ?PR?_SPI?MAIN

?PR?_FIFO_WRITE?MAIN              000BH    0003H
  +--> ?PR?_SPI?MAIN

?PR?_LED_FLASH?MAIN               -----    -----
BL51 BANKED LINKER/LOCATER V6.22.2.0                                                  12/29/2022  12:09:21  PAGE 4


  +--> ?PR?_DELAY_MS?MAIN

?PR?NRF_INIT?MAIN                 -----    -----
  +--> ?PR?_REG_WRITE?MAIN
  +--> ?PR?RX_MODE?MAIN
  +--> ?PR?_NRF_CHANNEL?MAIN
  +--> ?PR?_NRF_POWER?MAIN
  +--> ?PR?_NRF_SIZE?MAIN
  +--> ?PR?_RX_ADDRESS?MAIN
  +--> ?PR?_TX_ADDRESS?MAIN

?PR?RX_MODE?MAIN                  -----    -----
  +--> ?PR?_REG_WRITE?MAIN

?PR?_NRF_CHANNEL?MAIN             -----    -----
  +--> ?PR?_REG_WRITE?MAIN

?PR?_NRF_POWER?MAIN               -----    -----
  +--> ?PR?_REG_WRITE?MAIN

?PR?_NRF_SIZE?MAIN                -----    -----
  +--> ?PR?_REG_WRITE?MAIN

?PR?_RX_ADDRESS?MAIN              -----    -----
  +--> ?PR?_NRF_CHANNEL?MAIN
  +--> ?CO?MAIN
  +--> ?PR?_TX_ADDRESS?MAIN
  +--> ?PR?_SPI?MAIN

?PR?_TX_ADDRESS?MAIN              -----    -----
  +--> ?PR?_SPI?MAIN

?PR?RECEIVER_CONNECT?MAIN         000AH    0001H
  +--> ?PR?_NRF_POWER?MAIN
  +--> ?PR?_RX_ADDRESS?MAIN
  +--> ?PR?_FIFO_READ?MAIN
  +--> ?PR?_REG_WRITE?MAIN
  +--> ?PR?TX_MODE?MAIN
  +--> ?PR?_FIFO_WRITE?MAIN
  +--> ?PR?DELAY1MS?MAIN
  +--> ?PR?RX_MODE?MAIN
  +--> ?PR?_NRF_CHANNEL?MAIN
  +--> ?PR?_TX_ADDRESS?MAIN
  +--> ?PR?DATA_SAVE?MAIN

?PR?_FIFO_READ?MAIN               000BH    0003H
  +--> ?PR?_SPI?MAIN

?PR?TX_MODE?MAIN                  -----    -----
  +--> ?PR?_REG_WRITE?MAIN



SYMBOL TABLE OF MODULE:  .\Objects\reciver_test (MAIN)

  VALUE           TYPE          NAME
  ----------------------------------
BL51 BANKED LINKER/LOCATER V6.22.2.0                                                  12/29/2022  12:09:21  PAGE 5



  -------         MODULE        MAIN
  C:0000H         SYMBOL        _ICE_DUMMY_
  D:0023H         PUBLIC        voltage_total
  D:0091H         PUBLIC        P1M1
  D:0080H         PUBLIC        P0
  D:00B2H         PUBLIC        P3M0
  D:0090H         PUBLIC        P1
  D:00A0H         PUBLIC        P2
  D:0025H         PUBLIC        voltage_bec
  D:00B0H         PUBLIC        P3
  D:00C0H         PUBLIC        P4
  C:16EBH         PUBLIC        PCA_isr
  C:194CH         PUBLIC        _NRF_size
  C:0032H         PUBLIC        Delay1ms
  C:15DCH         PUBLIC        random
  D:00C8H         PUBLIC        P5
  D:00E8H         PUBLIC        P6
  D:0027H         PUBLIC        hopping_count
  D:00F8H         PUBLIC        P7
  D:0028H         PUBLIC        CH_data
  B:00C8H.5       PUBLIC        CE
  C:14D0H         PUBLIC        NRF_test
  D:0038H         PUBLIC        t_output
  D:00F9H         PUBLIC        CH
  C:1773H         PUBLIC        et2
  D:00A2H         PUBLIC        P_SW1
  D:00A8H         PUBLIC        IE
  D:00E9H         PUBLIC        CL
  D:00C5H         PUBLIC        IAP_CMD
  B:0020H.0       PUBLIC        CH1_PWM
  D:00FBH         PUBLIC        CCAP1H
  B:0020H.1       PUBLIC        CH2_PWM
  D:00FCH         PUBLIC        CCAP2H
  D:0039H         PUBLIC        t_sbus
  D:00BDH         PUBLIC        ADC_RES
  B:0020H.2       PUBLIC        restar
  D:00DAH         PUBLIC        CCAPM0
  D:00DBH         PUBLIC        CCAPM1
  B:0020H.3       PUBLIC        CH7_PWM
  D:00DCH         PUBLIC        CCAPM2
  D:00B8H         PUBLIC        IP
  C:0901H         PUBLIC        DATA_read
  X:0000H         PUBLIC        Sbus_data
  D:003AH         PUBLIC        T_h
  D:003BH         PUBLIC        t_PPMout
  X:0010H         PUBLIC        rx_num
  B:0098H.1       PUBLIC        TI
  C:0D79H         PUBLIC        Get_Sbus_data
  D:003CH         PUBLIC        T_l
  D:00C3H         PUBLIC        IAP_ADDRH
  C:17B6H         PUBLIC        _FIFO_read
  D:00D9H         PUBLIC        CMOD
  D:00D8H         PUBLIC        CCON
  D:00C4H         PUBLIC        IAP_ADDRL
  C:18FAH         PUBLIC        _NRF_channel
  X:0011H         PUBLIC        Sbus_buff
BL51 BANKED LINKER/LOCATER V6.22.2.0                                                  12/29/2022  12:09:21  PAGE 6


  D:003DH         PUBLIC        buff
  D:004DH         PUBLIC        hopping_turn
  C:0066H         PUBLIC        main
  C:1304H         PUBLIC        receiver_connect
  B:0020H.4       PUBLIC        first
  D:004EH         PUBLIC        hopping_num
  C:119CH         PUBLIC        DATA_save
  B:0020H.5       PUBLIC        connecting
  C:1906H         PUBLIC        _EEPROM_clean
  X:002AH         PUBLIC        Light_LED
  D:00BCH         PUBLIC        ADC_CONTR
  D:0099H         PUBLIC        SBUF
  C:1934H         PUBLIC        RX_mode
  X:002BH         PUBLIC        TEMP_DATA
  C:1940H         PUBLIC        TX_mode
  C:1885H         PUBLIC        _FIFO_write
  D:0098H         PUBLIC        SCON
  C:1916H         PUBLIC        UartInit
  B:0020H.6       PUBLIC        lose
  D:0089H         PUBLIC        TMOD
  D:0088H         PUBLIC        TCON
  B:00B0H.7       PUBLIC        CH1
  X:005DH         PUBLIC        out_control_data
  D:004FH         PUBLIC        TX_power
  B:00B0H.6       PUBLIC        CH2
  B:0020H.7       PUBLIC        SBUS
  B:00B0H.3       PUBLIC        CH3
  B:00B0H.2       PUBLIC        CH4
  B:00B0H.1       PUBLIC        CH5
  D:00AFH         PUBLIC        IE2
  B:00B0H.0       PUBLIC        CH6
  D:008EH         PUBLIC        AUXR
  B:00B0H.4       PUBLIC        CH7
  B:00B0H.5       PUBLIC        CH8
  D:00C7H         PUBLIC        IAP_CONTR
  B:0021H.0       PUBLIC        jump_mode
  B:0021H.1       PUBLIC        Data_change
  C:18DCH         PUBLIC        _LED_flash
  B:0021H.2       PUBLIC        CH1_SW
  B:0021H.3       PUBLIC        PPM_OUT
  D:00E0H         PUBLIC        ACC
  B:0021H.4       PUBLIC        CH2_SW
  C:000EH         PUBLIC        _EEPROM_read
  B:0021H.5       PUBLIC        CH3_SW
  B:0021H.6       PUBLIC        CH4_SW
  B:0021H.7       PUBLIC        CH5_SW
  B:0022H.0       PUBLIC        CH6_SW
  D:008CH         PUBLIC        TH0
  B:0022H.1       PUBLIC        CH7_SW
  B:0022H.2       PUBLIC        CH8_SW
  B:0098H.3       PUBLIC        TB8
  D:00D6H         PUBLIC        T2H
  B:0022H.3       PUBLIC        jump_1
  B:00D0H.0       PUBLIC        P
  B:0022H.4       PUBLIC        jump_2
  D:008AH         PUBLIC        TL0
  D:00D7H         PUBLIC        T2L
BL51 BANKED LINKER/LOCATER V6.22.2.0                                                  12/29/2022  12:09:21  PAGE 7


  C:1926H         PUBLIC        _delay_ms
  X:006DH         PUBLIC        timer1
  B:0090H.0       PUBLIC        LED
  X:006FH         PUBLIC        timer2
  D:00C2H         PUBLIC        IAP_DATA
  B:0088H.4       PUBLIC        TR0
  X:0071H         PUBLIC        timer3
  X:0073H         PUBLIC        timer4
  C:003EH         PUBLIC        _EEPROM_write
  X:0075H         PUBLIC        timer5
  D:0050H         PUBLIC        adc1
  B:0090H.3       PUBLIC        MDI
  D:0052H         PUBLIC        adc2
  D:00F3H         PUBLIC        PCA_PWM1
  D:00F4H         PUBLIC        PCA_PWM2
  D:009DH         PUBLIC        P1ASF
  B:0090H.5       PUBLIC        MDO
  D:00BEH         PUBLIC        ADC_RESL
  B:00C8H.4       PUBLIC        SCK
  B:0090H.2       PUBLIC        CSN
  X:0077H         PUBLIC        receive
  D:0054H         PUBLIC        temp1
  D:0056H         PUBLIC        temp2
  X:0078H         PUBLIC        address
  D:0058H         PUBLIC        rx
  C:16C9H         PUBLIC        _SPI
  X:007DH         PUBLIC        Sbus_tx
  D:0063H         PUBLIC        m
  D:0064H         PUBLIC        tx
  B:0090H.4       PUBLIC        IRQ
  C:18CBH         PUBLIC        _REG_write
  C:1819H         PUBLIC        _EEPROM_test
  C:13A5H         PUBLIC        initial
  I:000EH         PUBLIC        last_adc1
  C:0B42H         PUBLIC        Cycle
  I:0012H         PUBLIC        last_adc2
  D:00C6H         PUBLIC        IAP_TRIG
  D:006FH         PUBLIC        NRF_error
  C:18BBH         PUBLIC        _RX_address
  C:184BH         PUBLIC        _NRF_power
  C:1958H         PUBLIC        _TX_address
  C:0525H         PUBLIC        ET0_isr
  D:0070H         PUBLIC        hopping
  C:1640H         PUBLIC        address_0
  D:00D0H         PUBLIC        PSW
  C:15BFH         PUBLIC        _data_check
  C:17E4H         PUBLIC        NRF_init
  D:0075H         PUBLIC        t_adc
  -------         PROC          DELAY1MS
  -------         DO            
  D:0007H         SYMBOL        i
  D:0006H         SYMBOL        j
  -------         ENDDO         
  C:0032H         LINE#         109
  C:0032H         LINE#         110
  C:0032H         LINE#         112
  C:0034H         LINE#         113
BL51 BANKED LINKER/LOCATER V6.22.2.0                                                  12/29/2022  12:09:21  PAGE 8


  C:0036H         LINE#         115
  C:0036H         LINE#         116
  C:0038H         LINE#         117
  C:003AH         LINE#         118
  -------         ENDPROC       DELAY1MS
  -------         PROC          _DELAY_MS
  D:0005H         SYMBOL        i
  C:1926H         LINE#         120
  C:1928H         LINE#         121
  C:1928H         LINE#         122
  C:192EH         LINE#         123
  C:1933H         LINE#         124
  -------         ENDPROC       _DELAY_MS
  -------         PROC          _EEPROM_READ
  D:0007H         SYMBOL        address_H
  D:0004H         SYMBOL        address_L
  C:000EH         LINE#         128
  C:000EH         LINE#         129
  C:000EH         LINE#         130
  C:0011H         LINE#         131
  C:001AH         LINE#         132
  C:001AH         LINE#         133
  C:001EH         LINE#         134
  C:0022H         LINE#         135
  C:0024H         LINE#         137
  C:0024H         LINE#         138
  C:0026H         LINE#         139
  C:0028H         LINE#         140
  C:0028H         LINE#         142
  C:002BH         LINE#         143
  C:002FH         LINE#         144
  C:0031H         LINE#         145
  -------         ENDPROC       _EEPROM_READ
  -------         PROC          _EEPROM_WRITE
  D:0007H         SYMBOL        address_H
  D:0004H         SYMBOL        address_L
  D:0003H         SYMBOL        byte
  C:003EH         LINE#         147
  C:003EH         LINE#         148
  C:003EH         LINE#         149
  C:0041H         LINE#         150
  C:0043H         LINE#         151
  C:004CH         LINE#         152
  C:004CH         LINE#         153
  C:0050H         LINE#         154
  C:0054H         LINE#         155
  C:0056H         LINE#         157
  C:0056H         LINE#         158
  C:0058H         LINE#         159
  C:005AH         LINE#         160
  C:005AH         LINE#         162
  C:005DH         LINE#         163
  C:0061H         LINE#         165
  -------         ENDPROC       _EEPROM_WRITE
  -------         PROC          _EEPROM_CLEAN
  D:0007H         SYMBOL        address_H
  C:1906H         LINE#         167
BL51 BANKED LINKER/LOCATER V6.22.2.0                                                  12/29/2022  12:09:21  PAGE 9


  C:1906H         LINE#         168
  C:1906H         LINE#         169
  C:1909H         LINE#         170
  C:190BH         LINE#         171
  C:190EH         LINE#         172
  C:1911H         LINE#         173
  C:1915H         LINE#         174
  -------         ENDPROC       _EEPROM_CLEAN
  -------         PROC          _EEPROM_TEST
  D:0006H         SYMBOL        address_H
  C:1819H         LINE#         176
  C:181BH         LINE#         177
  C:181BH         LINE#         178
  C:181EH         LINE#         180
  C:1823H         LINE#         181
  C:182BH         LINE#         182
  C:1833H         LINE#         183
  C:1833H         LINE#         184
  C:1838H         LINE#         185
  C:183DH         LINE#         186
  C:1845H         LINE#         187
  C:1845H         LINE#         188
  C:1848H         LINE#         189
  C:1848H         LINE#         190
  C:1848H         LINE#         192
  C:184AH         LINE#         193
  -------         ENDPROC       _EEPROM_TEST
  -------         PROC          DATA_READ
  -------         DO            
  D:0006H         SYMBOL        i
  D:000AH         SYMBOL        sum
  D:0002H         SYMBOL        sum_read
  -------         ENDDO         
  C:0901H         LINE#         197
  C:0901H         LINE#         198
  C:0901H         LINE#         200
  C:0906H         LINE#         202
  C:0909H         LINE#         203
  C:0914H         LINE#         204
  C:0914H         LINE#         205
  C:0929H         LINE#         206
  C:093DH         LINE#         207
  C:0940H         LINE#         209
  C:094BH         LINE#         210
  C:094FH         LINE#         211
  C:095BH         LINE#         213
  C:096DH         LINE#         214
  C:096DH         LINE#         216
  C:096FH         LINE#         218
  C:0972H         LINE#         220
  C:0972H         LINE#         221
  C:0978H         LINE#         222
  C:097CH         LINE#         223
  C:0980H         LINE#         224
  C:0984H         LINE#         225
  C:0988H         LINE#         226
  C:098EH         LINE#         227
BL51 BANKED LINKER/LOCATER V6.22.2.0                                                  12/29/2022  12:09:21  PAGE 10


  C:0996H         LINE#         228
  C:099EH         LINE#         229
  C:09A6H         LINE#         230
  C:09AEH         LINE#         232
  C:09BBH         LINE#         233
  C:09C4H         LINE#         234
  C:09D6H         LINE#         235
  C:09E3H         LINE#         236
  C:09ECH         LINE#         237
  C:09FEH         LINE#         238
  C:0A0BH         LINE#         239
  C:0A14H         LINE#         240
  C:0A26H         LINE#         241
  C:0A33H         LINE#         242
  C:0A3CH         LINE#         243
  C:0A4EH         LINE#         244
  C:0A5BH         LINE#         245
  C:0A64H         LINE#         246
  C:0A76H         LINE#         247
  C:0A83H         LINE#         248
  C:0A8CH         LINE#         249
  C:0A9EH         LINE#         250
  C:0AABH         LINE#         251
  C:0AB4H         LINE#         252
  C:0AC6H         LINE#         253
  C:0AD3H         LINE#         254
  C:0ADCH         LINE#         255
  C:0AEEH         LINE#         257
  C:0AF6H         LINE#         258
  C:0AFCH         LINE#         259
  C:0B02H         LINE#         260
  C:0B08H         LINE#         261
  C:0B0EH         LINE#         262
  C:0B14H         LINE#         263
  C:0B1AH         LINE#         264
  C:0B20H         LINE#         265
  C:0B26H         LINE#         266
  C:0B2CH         LINE#         267
  C:0B32H         LINE#         268
  C:0B38H         LINE#         269
  C:0B3EH         LINE#         271
  C:0B3EH         LINE#         273
  C:0B41H         LINE#         274
  -------         ENDPROC       DATA_READ
  -------         PROC          DATA_SAVE
  -------         DO            
  D:0006H         SYMBOL        i
  D:0004H         SYMBOL        sum
  -------         ENDDO         
  C:119CH         LINE#         275
  C:119CH         LINE#         276
  C:119CH         LINE#         279
  C:11A2H         LINE#         281
  C:11A6H         LINE#         282
  C:11AAH         LINE#         283
  C:11AEH         LINE#         284
  C:11B2H         LINE#         285
BL51 BANKED LINKER/LOCATER V6.22.2.0                                                  12/29/2022  12:09:21  PAGE 11


  C:11B6H         LINE#         286
  C:11BEH         LINE#         287
  C:11C6H         LINE#         288
  C:11CEH         LINE#         289
  C:11D6H         LINE#         290
  C:11DEH         LINE#         292
  C:11EBH         LINE#         293
  C:11EEH         LINE#         294
  C:11FBH         LINE#         295
  C:11FEH         LINE#         296
  C:120BH         LINE#         297
  C:120EH         LINE#         298
  C:121BH         LINE#         299
  C:121EH         LINE#         300
  C:122BH         LINE#         301
  C:122EH         LINE#         302
  C:123BH         LINE#         303
  C:123EH         LINE#         304
  C:124BH         LINE#         305
  C:124EH         LINE#         306
  C:125BH         LINE#         307
  C:125EH         LINE#         309
  C:1264H         LINE#         310
  C:126AH         LINE#         311
  C:1270H         LINE#         312
  C:1276H         LINE#         313
  C:127CH         LINE#         314
  C:1282H         LINE#         315
  C:1288H         LINE#         316
  C:128EH         LINE#         317
  C:1294H         LINE#         318
  C:129AH         LINE#         319
  C:12A0H         LINE#         320
  C:12A6H         LINE#         321
  C:12ACH         LINE#         323
  C:12AFH         LINE#         324
  C:12BAH         LINE#         325
  C:12BAH         LINE#         326
  C:12CAH         LINE#         327
  C:12CDH         LINE#         328
  C:12D2H         LINE#         329
  C:12D5H         LINE#         332
  C:12D8H         LINE#         333
  C:12DDH         LINE#         335
  C:12E9H         LINE#         336
  C:12E9H         LINE#         337
  C:12FDH         LINE#         338
  C:1300H         LINE#         340
  C:1303H         LINE#         341
  -------         ENDPROC       DATA_SAVE
  C:16C5H         SYMBOL        L?0336
  -------         PROC          L?0335
  -------         ENDPROC       L?0335
  C:16C5H         SYMBOL        L?0336
  -------         PROC          _SPI
  D:0007H         SYMBOL        byte
  -------         DO            
BL51 BANKED LINKER/LOCATER V6.22.2.0                                                  12/29/2022  12:09:21  PAGE 12


  D:0006H         SYMBOL        i
  -------         ENDDO         
  C:16C9H         LINE#         344
  C:16C9H         LINE#         345
  C:16C9H         LINE#         347
  C:16D5H         LINE#         348
  C:16D5H         LINE#         349
  C:16D9H         LINE#         350
  C:16DBH         LINE#         351
  C:16DFH         LINE#         352
  C:16E5H         LINE#         353
  C:16E7H         LINE#         354
  C:16EAH         LINE#         355
  C:16EAH         LINE#         356
  -------         ENDPROC       _SPI
  C:18C5H         SYMBOL        L?0341
  -------         PROC          L?0340
  -------         ENDPROC       L?0340
  C:18C5H         SYMBOL        L?0341
  -------         PROC          _REG_WRITE
  D:0007H         SYMBOL        address
  D:0005H         SYMBOL        command
  C:18CBH         LINE#         358
  C:18CBH         LINE#         359
  C:18CBH         LINE#         360
  C:18CDH         LINE#         361
  C:18D4H         LINE#         362
  C:18D9H         LINE#         363
  C:18DBH         LINE#         364
  -------         ENDPROC       _REG_WRITE
  -------         PROC          L?0343
  -------         ENDPROC       L?0343
  -------         PROC          _FIFO_WRITE
  D:000BH         SYMBOL        DATA_OUT
  D:0005H         SYMBOL        lengh
  -------         DO            
  D:0004H         SYMBOL        i
  -------         ENDDO         
  C:1885H         LINE#         366
  C:188BH         LINE#         367
  C:188BH         LINE#         369
  C:188DH         LINE#         370
  C:1892H         LINE#         371
  C:1899H         LINE#         372
  C:18AAH         LINE#         373
  C:18ACH         LINE#         374
  -------         ENDPROC       _FIFO_WRITE
  C:17AEH         SYMBOL        L?0339
  -------         PROC          L?0338
  -------         ENDPROC       L?0338
  C:17AEH         SYMBOL        L?0339
  -------         PROC          _FIFO_READ
  D:000BH         SYMBOL        DATA_IN
  D:0005H         SYMBOL        lengh
  -------         DO            
  D:0004H         SYMBOL        i
  -------         ENDDO         
BL51 BANKED LINKER/LOCATER V6.22.2.0                                                  12/29/2022  12:09:21  PAGE 13


  C:17B6H         LINE#         375
  C:17BCH         LINE#         376
  C:17BCH         LINE#         378
  C:17BEH         LINE#         379
  C:17C3H         LINE#         380
  C:17CAH         LINE#         381
  C:17E1H         LINE#         382
  C:17E3H         LINE#         383
  -------         ENDPROC       _FIFO_READ
  -------         PROC          _TX_ADDRESS
  D:0001H         SYMBOL        DATA_IN
  C:1958H         LINE#         385
  C:1958H         LINE#         386
  C:1958H         LINE#         387
  C:195AH         LINE#         388
  C:195CH         LINE#         389
  C:195CH         LINE#         390
  C:195CH         LINE#         391
  C:195CH         LINE#         392
  C:195CH         LINE#         393
  C:195FH         LINE#         394
  C:1961H         LINE#         395
  -------         ENDPROC       _TX_ADDRESS
  -------         PROC          L?0337
  -------         ENDPROC       L?0337
  -------         PROC          _RX_ADDRESS
  D:0001H         SYMBOL        DATA_IN
  C:18BBH         LINE#         396
  C:18BBH         LINE#         397
  C:18BBH         LINE#         398
  C:18BDH         LINE#         399
  C:18BFH         LINE#         400
  C:18BFH         LINE#         401
  C:18BFH         LINE#         402
  C:18BFH         LINE#         403
  C:18BFH         LINE#         404
  C:18C2H         LINE#         405
  C:18C4H         LINE#         406
  -------         ENDPROC       _RX_ADDRESS
  -------         PROC          RX_MODE
  C:1934H         LINE#         407
  C:1934H         LINE#         408
  C:1934H         LINE#         409
  C:1936H         LINE#         410
  C:193DH         LINE#         411
  C:193FH         LINE#         412
  -------         ENDPROC       RX_MODE
  -------         PROC          TX_MODE
  C:1940H         LINE#         414
  C:1940H         LINE#         415
  C:1940H         LINE#         416
  C:1942H         LINE#         417
  C:1949H         LINE#         418
  C:194BH         LINE#         419
  -------         ENDPROC       TX_MODE
  -------         PROC          _NRF_POWER
  D:0007H         SYMBOL        P
BL51 BANKED LINKER/LOCATER V6.22.2.0                                                  12/29/2022  12:09:21  PAGE 14


  C:184BH         LINE#         421
  C:184BH         LINE#         422
  C:184BH         LINE#         423
  C:184DH         LINE#         424
  C:1859H         LINE#         425
  C:1863H         LINE#         426
  C:186FH         LINE#         427
  C:187AH         LINE#         428
  C:187CH         LINE#         429
  -------         ENDPROC       _NRF_POWER
  -------         PROC          _NRF_SIZE
  D:0005H         SYMBOL        l
  C:194CH         LINE#         431
  C:194EH         LINE#         432
  C:194EH         LINE#         433
  C:1950H         LINE#         434
  C:1955H         LINE#         435
  C:1957H         LINE#         436
  -------         ENDPROC       _NRF_SIZE
  -------         PROC          L?0342
  -------         ENDPROC       L?0342
  -------         PROC          _NRF_CHANNEL
  D:0005H         SYMBOL        c
  C:18FAH         LINE#         438
  C:18FCH         LINE#         439
  C:18FCH         LINE#         440
  C:18FEH         LINE#         441
  C:1903H         LINE#         442
  C:1905H         LINE#         443
  -------         ENDPROC       _NRF_CHANNEL
  -------         PROC          NRF_INIT
  C:17E4H         LINE#         446
  C:17E4H         LINE#         447
  C:17E4H         LINE#         448
  C:17E6H         LINE#         449
  C:17E8H         LINE#         450
  C:17EFH         LINE#         451
  C:17F5H         LINE#         452
  C:17FBH         LINE#         453
  C:17FEH         LINE#         454
  C:1803H         LINE#         455
  C:1808H         LINE#         456
  C:180DH         LINE#         457
  C:1816H         LINE#         458
  -------         ENDPROC       NRF_INIT
  -------         PROC          NRF_TEST
  -------         DO            
  D:000AH         SYMBOL        reset_err
  -------         ENDDO         
  C:14D0H         LINE#         461
  C:14D0H         LINE#         462
  C:14D0H         LINE#         463
  C:14D3H         LINE#         464
  C:14D5H         LINE#         465
  C:14D7H         LINE#         466
  C:14D9H         LINE#         468
  C:14E6H         LINE#         469
BL51 BANKED LINKER/LOCATER V6.22.2.0                                                  12/29/2022  12:09:21  PAGE 15


  C:14EBH         LINE#         471
  C:14EDH         LINE#         473
  C:14EFH         LINE#         474
  C:14F4H         LINE#         476
  C:1501H         LINE#         477
  C:1503H         LINE#         479
  C:150AH         LINE#         480
  C:150FH         LINE#         481
  C:1515H         LINE#         483
  C:151EH         LINE#         484
  C:1520H         LINE#         486
  C:1525H         LINE#         488
  C:1527H         LINE#         490
  C:1534H         LINE#         491
  C:1536H         LINE#         493
  C:153CH         LINE#         495
  C:153CH         LINE#         496
  C:153CH         LINE#         497
  C:153CH         LINE#         498
  C:153EH         LINE#         500
  C:1550H         LINE#         502
  -------         ENDPROC       NRF_TEST
  -------         PROC          RECEIVER_CONNECT
  -------         DO            
  D:000AH         SYMBOL        t
  -------         ENDDO         
  C:1304H         LINE#         505
  C:1304H         LINE#         506
  C:1304H         LINE#         508
  C:1309H         LINE#         509
  C:1309H         LINE#         510
  C:1309H         LINE#         511
  C:130CH         LINE#         512
  C:130FH         LINE#         513
  C:1312H         LINE#         514
  C:1312H         LINE#         515
  C:1315H         LINE#         516
  C:1317H         LINE#         517
  C:131DH         LINE#         518
  C:131DH         LINE#         519
  C:1320H         LINE#         520
  C:1323H         LINE#         521
  C:1326H         LINE#         522
  C:1329H         LINE#         523
  C:132CH         LINE#         524
  C:1332H         LINE#         525
  C:1336H         LINE#         526
  C:133AH         LINE#         527
  C:133EH         LINE#         528
  C:1342H         LINE#         529
  C:1342H         LINE#         531
  C:1348H         LINE#         532
  C:134AH         LINE#         533
  C:134DH         LINE#         534
  C:134DH         LINE#         535
  C:1350H         LINE#         536
  C:1350H         LINE#         537
BL51 BANKED LINKER/LOCATER V6.22.2.0                                                  12/29/2022  12:09:21  PAGE 16


  C:1350H         LINE#         538
  C:1353H         LINE#         539
  C:1356H         LINE#         540
  C:1359H         LINE#         542
  C:135CH         LINE#         543
  C:1361H         LINE#         544
  C:136AH         LINE#         545
  C:136DH         LINE#         546
  C:136DH         LINE#         547
  C:136DH         LINE#         548
  C:1370H         LINE#         549
  C:1373H         LINE#         550
  C:1373H         LINE#         551
  C:1376H         LINE#         552
  C:1376H         LINE#         553
  C:1379H         LINE#         554
  C:137BH         LINE#         555
  C:137FH         LINE#         556
  C:137FH         LINE#         557
  C:1391H         LINE#         558
  C:1391H         LINE#         559
  C:1391H         LINE#         560
  C:1394H         LINE#         561
  C:139DH         LINE#         562
  C:13A0H         LINE#         563
  -------         ENDPROC       RECEIVER_CONNECT
  -------         PROC          L?0334
  -------         ENDPROC       L?0334
  -------         PROC          _DATA_CHECK
  D:0006H         SYMBOL        x
  D:0004H         SYMBOL        max
  D:0002H         SYMBOL        min
  C:15BFH         LINE#         568
  C:15BFH         LINE#         569
  C:15BFH         LINE#         571
  C:15D0H         LINE#         572
  C:15DBH         LINE#         574
  -------         ENDPROC       _DATA_CHECK
  -------         PROC          GET_SBUS_DATA
  C:0D79H         LINE#         576
  C:0D79H         LINE#         577
  C:0D79H         LINE#         578
  C:0D88H         LINE#         579
  C:0D97H         LINE#         580
  C:0DA6H         LINE#         581
  C:0DB5H         LINE#         582
  C:0DC4H         LINE#         583
  C:0DD3H         LINE#         584
  C:0DE2H         LINE#         585
  C:0DF1H         LINE#         589
  C:0DFCH         LINE#         590
  C:0DFFH         LINE#         591
  C:0E19H         LINE#         593
  C:0E29H         LINE#         594
  C:0E43H         LINE#         596
  C:0E53H         LINE#         598
  C:0E5FH         LINE#         599
BL51 BANKED LINKER/LOCATER V6.22.2.0                                                  12/29/2022  12:09:21  PAGE 17


  C:0E70H         LINE#         601
  C:0E80H         LINE#         602
  C:0E95H         LINE#         604
  C:0EA2H         LINE#         605
  C:0EBCH         LINE#         607
  C:0EC3H         LINE#         609
  C:0ECDH         LINE#         610
  C:0EE7H         LINE#         612
  C:0EF7H         LINE#         613
  C:0F11H         LINE#         615
  C:0F22H         LINE#         617
  C:0F28H         LINE#         618
  C:0F30H         LINE#         619
  C:0F38H         LINE#         620
  C:0F40H         LINE#         621
  C:0F48H         LINE#         622
  C:0F50H         LINE#         623
  C:0F58H         LINE#         624
  C:0F60H         LINE#         625
  C:0F68H         LINE#         626
  C:0F70H         LINE#         627
  C:0F78H         LINE#         628
  C:0F7BH         LINE#         629
  C:0F7EH         LINE#         630
  C:0F80H         LINE#         631
  C:0F82H         LINE#         632
  C:0F84H         LINE#         633
  C:0F86H         LINE#         634
  C:0F88H         LINE#         635
  C:0F8AH         LINE#         636
  C:0F8CH         LINE#         637
  C:0F8EH         LINE#         638
  C:0F90H         LINE#         639
  C:0F92H         LINE#         640
  C:0F94H         LINE#         641
  C:0F96H         LINE#         642
  -------         ENDPROC       GET_SBUS_DATA
  -------         PROC          CYCLE
  C:0B42H         LINE#         644
  C:0B42H         LINE#         645
  C:0B42H         LINE#         646
  C:0B50H         LINE#         647
  C:0B5FH         LINE#         648
  C:0B5FH         LINE#         649
  C:0B66H         LINE#         650
  C:0B6BH         LINE#         651
  C:0B71H         LINE#         652
  C:0B71H         LINE#         655
  C:0B7FH         LINE#         656
  C:0B8EH         LINE#         657
  C:0B8EH         LINE#         658
  C:0B92H         LINE#         659
  C:0B9AH         LINE#         660
  C:0B9FH         LINE#         661
  C:0B9FH         LINE#         663
  C:0BADH         LINE#         664
  C:0BBCH         LINE#         665
BL51 BANKED LINKER/LOCATER V6.22.2.0                                                  12/29/2022  12:09:21  PAGE 18


  C:0BBCH         LINE#         666
  C:0BC3H         LINE#         667
  C:0BCDH         LINE#         668
  C:0BD5H         LINE#         669
  C:0BDDH         LINE#         670
  C:0BE5H         LINE#         671
  C:0BEDH         LINE#         672
  C:0BF5H         LINE#         673
  C:0BFDH         LINE#         674
  C:0C05H         LINE#         676
  C:0C08H         LINE#         677
  C:0C08H         LINE#         679
  C:0C0BH         LINE#         680
  C:0C0BH         LINE#         681
  C:0C19H         LINE#         682
  C:0C28H         LINE#         683
  C:0C28H         LINE#         684
  C:0C2CH         LINE#         685
  C:0C2EH         LINE#         686
  C:0C31H         LINE#         687
  C:0C31H         LINE#         688
  C:0C31H         LINE#         690
  C:0C3CH         LINE#         691
  C:0C3CH         LINE#         692
  C:0C3EH         LINE#         693
  C:0C4CH         LINE#         694
  C:0C5BH         LINE#         695
  C:0C5BH         LINE#         696
  C:0C5FH         LINE#         697
  C:0C63H         LINE#         699
  C:0C63H         LINE#         700
  C:0C65H         LINE#         701
  C:0C6FH         LINE#         702
  C:0C71H         LINE#         705
  C:0C73H         LINE#         706
  C:0C76H         LINE#         707
  C:0C76H         LINE#         708
  C:0C87H         LINE#         709
  C:0C89H         LINE#         711
  C:0C89H         LINE#         712
  C:0C8CH         LINE#         713
  C:0C8CH         LINE#         714
  C:0C9BH         LINE#         715
  C:0C9DH         LINE#         717
  C:0C9DH         LINE#         718
  C:0CAFH         LINE#         720
  C:0CAFH         LINE#         721
  C:0CAFH         LINE#         723
  C:0CB1H         LINE#         724
  C:0CB7H         LINE#         725
  C:0CB7H         LINE#         726
  C:0CBDH         LINE#         727
  C:0CD8H         LINE#         729
  C:0D0DH         LINE#         731
  C:0D10H         LINE#         732
  C:0D13H         LINE#         733
  C:0D14H         LINE#         734
BL51 BANKED LINKER/LOCATER V6.22.2.0                                                  12/29/2022  12:09:21  PAGE 19


  C:0D1AH         LINE#         735
  C:0D1AH         LINE#         736
  C:0D1CH         LINE#         737
  C:0D22H         LINE#         738
  C:0D3DH         LINE#         740
  C:0D72H         LINE#         742
  C:0D75H         LINE#         743
  C:0D78H         LINE#         744
  C:0D78H         LINE#         746
  -------         ENDPROC       CYCLE
  -------         PROC          UARTINIT
  C:1916H         LINE#         752
  C:1916H         LINE#         753
  C:1916H         LINE#         754
  C:1919H         LINE#         755
  C:191CH         LINE#         756
  C:191FH         LINE#         757
  C:1922H         LINE#         758
  C:1925H         LINE#         760
  -------         ENDPROC       UARTINIT
  -------         PROC          _LED_FLASH
  D:0004H         SYMBOL        t
  C:18DCH         LINE#         762
  C:18DEH         LINE#         763
  C:18DEH         LINE#         765
  C:18E1H         LINE#         766
  C:18E1H         LINE#         767
  C:18E3H         LINE#         768
  C:18E8H         LINE#         769
  C:18EAH         LINE#         770
  C:18EFH         LINE#         771
  C:18F0H         LINE#         772
  C:18F2H         LINE#         773
  -------         ENDPROC       _LED_FLASH
  -------         PROC          INITIAL
  C:13A5H         LINE#         775
  C:13A5H         LINE#         776
  C:13A5H         LINE#         780
  C:13A9H         LINE#         781
  C:13ACH         LINE#         782
  C:13AFH         LINE#         783
  C:13AFH         LINE#         784
  C:13B2H         LINE#         785
  C:13B4H         LINE#         786
  C:13B7H         LINE#         787
  C:13BCH         LINE#         788
  C:13BCH         LINE#         789
  C:13C0H         LINE#         792
  C:13C3H         LINE#         793
  C:13C6H         LINE#         796
  C:13C6H         LINE#         797
  C:13C6H         LINE#         798
  C:13CEH         LINE#         799
  C:13D3H         LINE#         800
  C:13D5H         LINE#         802
  C:13D8H         LINE#         803
  C:13EAH         LINE#         804
BL51 BANKED LINKER/LOCATER V6.22.2.0                                                  12/29/2022  12:09:21  PAGE 20


  C:13F3H         LINE#         805
  C:13FCH         LINE#         806
  C:1405H         LINE#         807
  C:140EH         LINE#         808
  C:1417H         LINE#         809
  C:1420H         LINE#         810
  C:1429H         LINE#         815
  C:142CH         LINE#         816
  C:1430H         LINE#         817
  C:1430H         LINE#         818
  C:1435H         LINE#         819
  C:1435H         LINE#         821
  C:1438H         LINE#         825
  C:143DH         LINE#         826
  C:1440H         LINE#         827
  C:1440H         LINE#         828
  C:1443H         LINE#         829
  C:1443H         LINE#         831
  -------         ENDPROC       INITIAL
  -------         PROC          MAIN
  C:0066H         LINE#         835
  C:0066H         LINE#         836
  C:0066H         LINE#         837
  C:0068H         LINE#         838
  C:006AH         LINE#         839
  C:006CH         LINE#         840
  C:006EH         LINE#         841
  C:0070H         LINE#         842
  C:0072H         LINE#         843
  C:0074H         LINE#         844
  C:0076H         LINE#         853
  C:007BH         LINE#         854
  C:007DH         LINE#         855
  C:0082H         LINE#         857
  C:0085H         LINE#         858
  C:0087H         LINE#         861
  C:008AH         LINE#         863
  C:008DH         LINE#         864
  C:0090H         LINE#         865
  C:0093H         LINE#         866
  C:0099H         LINE#         867
  C:009FH         LINE#         870
  C:00A2H         LINE#         871
  C:00A5H         LINE#         874
  C:00A8H         LINE#         875
  C:00A8H         LINE#         876
  C:00ABH         LINE#         877
  C:00AEH         LINE#         878
  C:00B3H         LINE#         879
  C:00B5H         LINE#         881
  C:00B5H         LINE#         882
  C:00BBH         LINE#         883
  C:00BEH         LINE#         884
  C:00C1H         LINE#         885
  C:00C1H         LINE#         889
  C:00C4H         LINE#         891
  C:00C7H         LINE#         892
BL51 BANKED LINKER/LOCATER V6.22.2.0                                                  12/29/2022  12:09:21  PAGE 21


  C:00CAH         LINE#         901
  C:00CFH         LINE#         904
  C:00D2H         LINE#         905
  C:00D4H         LINE#         906
  C:00D6H         LINE#         908
  C:00D6H         LINE#         909
  C:00D6H         LINE#         910
  C:00DCH         LINE#         911
  C:00E2H         LINE#         912
  C:00E2H         LINE#         913
  C:00E9H         LINE#         914
  C:00FEH         LINE#         915
  C:0106H         LINE#         917
  C:0109H         LINE#         918
  C:0109H         LINE#         919
  C:010CH         LINE#         920
  C:010EH         LINE#         922
  C:0111H         LINE#         923
  C:0117H         LINE#         924
  C:012BH         LINE#         925
  C:012FH         LINE#         926
  C:0132H         LINE#         927
  C:0153H         LINE#         928
  C:0157H         LINE#         929
  C:015AH         LINE#         931
  C:015DH         LINE#         932
  C:0160H         LINE#         934
  C:0163H         LINE#         936
  C:0166H         LINE#         937
  C:0166H         LINE#         938
  C:0168H         LINE#         939
  C:0170H         LINE#         940
  C:0170H         LINE#         941
  C:0172H         LINE#         942
  C:0180H         LINE#         943
  C:0183H         LINE#         947
  C:018FH         LINE#         948
  C:018FH         LINE#         949
  C:0194H         LINE#         951
  C:0199H         LINE#         952
  C:0199H         LINE#         953
  C:019BH         LINE#         954
  C:019DH         LINE#         956
  C:019DH         LINE#         957
  C:019FH         LINE#         958
  C:019FH         LINE#         960
  C:01A4H         LINE#         961
  C:01A4H         LINE#         962
  C:01A6H         LINE#         963
  C:01A8H         LINE#         965
  C:01A8H         LINE#         966
  C:01AAH         LINE#         967
  C:01AAH         LINE#         969
  C:01ADH         LINE#         970
  C:01ADH         LINE#         971
  C:01B0H         LINE#         972
  C:01B3H         LINE#         973
BL51 BANKED LINKER/LOCATER V6.22.2.0                                                  12/29/2022  12:09:21  PAGE 22


  C:01B6H         LINE#         974
  C:01B8H         LINE#         976
  C:01B8H         LINE#         977
  C:01BEH         LINE#         978
  C:01C1H         LINE#         979
  C:01C4H         LINE#         980
  C:01C7H         LINE#         981
  C:01C7H         LINE#         983
  C:01CCH         LINE#         984
  C:01CCH         LINE#         985
  C:01D1H         LINE#         986
  C:01D3H         LINE#         988
  C:01D3H         LINE#         989
  C:01D8H         LINE#         990
  C:01D8H         LINE#         992
  C:01DDH         LINE#         993
  C:01DDH         LINE#         994
  C:01E2H         LINE#         995
  C:01E4H         LINE#         997
  C:01E4H         LINE#         998
  C:01E9H         LINE#         999
  C:01E9H         LINE#         1001
  C:01EEH         LINE#         1002
  C:01EEH         LINE#         1003
  C:01F3H         LINE#         1004
  C:01F5H         LINE#         1006
  C:01F5H         LINE#         1007
  C:01FAH         LINE#         1008
  C:01FAH         LINE#         1010
  C:0203H         LINE#         1011
  C:0205H         LINE#         1012
  C:020EH         LINE#         1013
  C:0210H         LINE#         1014
  C:0219H         LINE#         1015
  C:021BH         LINE#         1016
  C:0224H         LINE#         1017
  C:0226H         LINE#         1018
  C:022FH         LINE#         1019
  C:0231H         LINE#         1020
  C:023AH         LINE#         1021
  C:023CH         LINE#         1022
  C:0245H         LINE#         1023
  C:0247H         LINE#         1024
  C:0251H         LINE#         1025
  C:0253H         LINE#         1028
  C:0253H         LINE#         1029
  C:0256H         LINE#         1030
  C:025FH         LINE#         1031
  C:025FH         LINE#         1032
  C:0266H         LINE#         1034
  C:026CH         LINE#         1035
  C:027DH         LINE#         1036
  C:028DH         LINE#         1037
  C:0296H         LINE#         1038
  C:02A6H         LINE#         1039
  C:02B4H         LINE#         1040
  C:02BDH         LINE#         1041
BL51 BANKED LINKER/LOCATER V6.22.2.0                                                  12/29/2022  12:09:21  PAGE 23


  C:02CCH         LINE#         1042
  C:02DBH         LINE#         1043
  C:02E4H         LINE#         1044
  C:02E9H         LINE#         1045
  C:02F4H         LINE#         1047
  C:02FAH         LINE#         1048
  C:030BH         LINE#         1049
  C:031BH         LINE#         1050
  C:0324H         LINE#         1051
  C:0334H         LINE#         1052
  C:0342H         LINE#         1053
  C:034BH         LINE#         1054
  C:0356H         LINE#         1055
  C:0356H         LINE#         1056
  C:0356H         LINE#         1057
  C:0356H         LINE#         1058
  C:0356H         LINE#         1061
  C:0356H         LINE#         1062
  C:0356H         LINE#         1063
  C:0356H         LINE#         1064
  C:0356H         LINE#         1065
  C:0356H         LINE#         1066
  C:0356H         LINE#         1067
  C:0356H         LINE#         1068
  C:0359H         LINE#         1070
  C:0363H         LINE#         1071
  C:036BH         LINE#         1072
  C:0373H         LINE#         1073
  C:037BH         LINE#         1074
  C:0383H         LINE#         1075
  C:038BH         LINE#         1076
  C:0393H         LINE#         1077
  C:039BH         LINE#         1080
  C:03A4H         LINE#         1083
  C:03A7H         LINE#         1084
  C:03B0H         LINE#         1085
  C:03B0H         LINE#         1086
  C:03B5H         LINE#         1087
  C:03C6H         LINE#         1088
  C:03D6H         LINE#         1089
  C:03DFH         LINE#         1090
  C:03EFH         LINE#         1091
  C:03FDH         LINE#         1092
  C:0406H         LINE#         1093
  C:0415H         LINE#         1094
  C:0424H         LINE#         1095
  C:042DH         LINE#         1096
  C:0432H         LINE#         1097
  C:043DH         LINE#         1099
  C:0443H         LINE#         1100
  C:0454H         LINE#         1101
  C:0464H         LINE#         1102
  C:046DH         LINE#         1103
  C:047DH         LINE#         1104
  C:048BH         LINE#         1105
  C:0494H         LINE#         1106
  C:049FH         LINE#         1107
BL51 BANKED LINKER/LOCATER V6.22.2.0                                                  12/29/2022  12:09:21  PAGE 24


  C:049FH         LINE#         1108
  C:049FH         LINE#         1109
  C:049FH         LINE#         1110
  C:049FH         LINE#         1113
  C:049FH         LINE#         1114
  C:049FH         LINE#         1115
  C:049FH         LINE#         1116
  C:049FH         LINE#         1117
  C:049FH         LINE#         1118
  C:049FH         LINE#         1119
  C:049FH         LINE#         1120
  C:04A2H         LINE#         1122
  C:04A8H         LINE#         1123
  C:04AEH         LINE#         1124
  C:04B4H         LINE#         1125
  C:04BAH         LINE#         1126
  C:04C0H         LINE#         1127
  C:04C6H         LINE#         1128
  C:04CCH         LINE#         1129
  C:04D2H         LINE#         1131
  C:04D5H         LINE#         1136
  C:04D5H         LINE#         1141
  C:04D8H         LINE#         1143
  C:04D8H         LINE#         1144
  C:04DAH         LINE#         1145
  C:04E7H         LINE#         1147
  C:04EAH         LINE#         1148
  C:04EAH         LINE#         1149
  C:04ECH         LINE#         1150
  C:04FAH         LINE#         1151
  C:0508H         LINE#         1152
  C:050AH         LINE#         1153
  C:050DH         LINE#         1155
  C:050DH         LINE#         1156
  C:050FH         LINE#         1157
  C:051DH         LINE#         1158
  C:0520H         LINE#         1159
  C:0522H         LINE#         1160
  C:0522H         LINE#         1162
  C:0522H         LINE#         1164
  -------         ENDPROC       MAIN
  -------         PROC          ET0_ISR
  -------         DO            
  D:0008H         SYMBOL        temp
  -------         ENDDO         
  C:0525H         LINE#         1169
  C:053CH         LINE#         1172
  C:0542H         LINE#         1173
  C:0542H         LINE#         1175
  C:0544H         LINE#         1176
  C:0593H         LINE#         1177
  C:0593H         LINE#         1178
  C:05A6H         LINE#         1179
  C:05A9H         LINE#         1180
  C:05ACH         LINE#         1181
  C:05BFH         LINE#         1182
  C:05C2H         LINE#         1183
BL51 BANKED LINKER/LOCATER V6.22.2.0                                                  12/29/2022  12:09:21  PAGE 25


  C:05C5H         LINE#         1184
  C:05D8H         LINE#         1185
  C:05DAH         LINE#         1186
  C:05DCH         LINE#         1187
  C:05EFH         LINE#         1188
  C:05F1H         LINE#         1189
  C:05F3H         LINE#         1190
  C:0606H         LINE#         1191
  C:0608H         LINE#         1192
  C:060AH         LINE#         1193
  C:061DH         LINE#         1194
  C:061FH         LINE#         1195
  C:0621H         LINE#         1196
  C:0634H         LINE#         1197
  C:0636H         LINE#         1198
  C:0638H         LINE#         1199
  C:064DH         LINE#         1200
  C:0655H         LINE#         1201
  C:0660H         LINE#         1203
  C:066BH         LINE#         1204
  C:0679H         LINE#         1207
  C:0679H         LINE#         1208
  C:0679H         LINE#         1209
  C:067CH         LINE#         1210
  C:067CH         LINE#         1211
  C:067EH         LINE#         1212
  C:0689H         LINE#         1213
  C:0689H         LINE#         1214
  C:068CH         LINE#         1215
  C:068EH         LINE#         1217
  C:068EH         LINE#         1219
  C:0693H         LINE#         1220
  C:069FH         LINE#         1221
  C:06A3H         LINE#         1222
  C:06A5H         LINE#         1224
  C:06A7H         LINE#         1225
  C:06A7H         LINE#         1228
  C:06ADH         LINE#         1229
  C:06ADH         LINE#         1230
  C:06B3H         LINE#         1231
  C:06B6H         LINE#         1233
  C:06B6H         LINE#         1234
  C:06BCH         LINE#         1235
  C:06BCH         LINE#         1238
  C:06BFH         LINE#         1240
  C:06BFH         LINE#         1241
  C:06C1H         LINE#         1242
  C:070AH         LINE#         1243
  C:070AH         LINE#         1245
  C:070DH         LINE#         1246
  C:070DH         LINE#         1247
  C:0718H         LINE#         1248
  C:0718H         LINE#         1249
  C:071BH         LINE#         1250
  C:071DH         LINE#         1252
  C:071DH         LINE#         1253
  C:0720H         LINE#         1254
BL51 BANKED LINKER/LOCATER V6.22.2.0                                                  12/29/2022  12:09:21  PAGE 26


  C:0720H         LINE#         1255
  C:0734H         LINE#         1256
  C:0737H         LINE#         1258
  C:0737H         LINE#         1259
  C:073AH         LINE#         1260
  C:073AH         LINE#         1261
  C:074AH         LINE#         1262
  C:074CH         LINE#         1263
  C:074FH         LINE#         1264
  C:0751H         LINE#         1265
  C:0751H         LINE#         1267
  C:0751H         LINE#         1268
  C:0754H         LINE#         1270
  C:0757H         LINE#         1271
  C:0757H         LINE#         1272
  C:075CH         LINE#         1273
  C:075CH         LINE#         1275
  C:0760H         LINE#         1276
  C:0763H         LINE#         1279
  C:0766H         LINE#         1280
  C:0766H         LINE#         1281
  C:0771H         LINE#         1282
  C:0771H         LINE#         1283
  C:0774H         LINE#         1284
  C:0776H         LINE#         1286
  C:0776H         LINE#         1287
  C:0779H         LINE#         1288
  C:0779H         LINE#         1289
  C:078DH         LINE#         1290
  C:078FH         LINE#         1292
  C:078FH         LINE#         1293
  C:0792H         LINE#         1294
  C:0792H         LINE#         1295
  C:07A1H         LINE#         1296
  C:07A3H         LINE#         1297
  C:07A5H         LINE#         1298
  C:07A7H         LINE#         1299
  C:07A7H         LINE#         1301
  C:07A7H         LINE#         1302
  C:07AAH         LINE#         1304
  C:07ADH         LINE#         1305
  C:07ADH         LINE#         1306
  C:07B2H         LINE#         1307
  C:07B2H         LINE#         1309
  C:07B6H         LINE#         1310
  C:07B9H         LINE#         1314
  C:07BCH         LINE#         1315
  C:07BCH         LINE#         1316
  C:07CBH         LINE#         1317
  C:07CDH         LINE#         1318
  C:07CFH         LINE#         1319
  C:07D1H         LINE#         1321
  C:07D1H         LINE#         1322
  C:07D4H         LINE#         1324
  C:07D9H         LINE#         1326
  C:07DDH         LINE#         1327
  C:07E0H         LINE#         1330
BL51 BANKED LINKER/LOCATER V6.22.2.0                                                  12/29/2022  12:09:21  PAGE 27


  C:07E3H         LINE#         1331
  C:07E3H         LINE#         1332
  C:07F2H         LINE#         1333
  C:07F4H         LINE#         1334
  C:07F6H         LINE#         1335
  C:07F8H         LINE#         1337
  C:07F8H         LINE#         1338
  C:07FBH         LINE#         1340
  C:0800H         LINE#         1342
  C:0804H         LINE#         1343
  C:0806H         LINE#         1346
  C:0809H         LINE#         1347
  C:0809H         LINE#         1348
  C:0818H         LINE#         1349
  C:081AH         LINE#         1350
  C:081CH         LINE#         1351
  C:081EH         LINE#         1353
  C:081EH         LINE#         1354
  C:0821H         LINE#         1356
  C:0826H         LINE#         1358
  C:082AH         LINE#         1359
  C:082CH         LINE#         1362
  C:082FH         LINE#         1363
  C:082FH         LINE#         1364
  C:083EH         LINE#         1365
  C:0840H         LINE#         1366
  C:0842H         LINE#         1367
  C:0844H         LINE#         1369
  C:0844H         LINE#         1370
  C:0846H         LINE#         1372
  C:084BH         LINE#         1374
  C:084FH         LINE#         1375
  C:0851H         LINE#         1377
  C:0854H         LINE#         1378
  C:0854H         LINE#         1379
  C:0863H         LINE#         1380
  C:0865H         LINE#         1381
  C:0867H         LINE#         1382
  C:0869H         LINE#         1384
  C:0869H         LINE#         1385
  C:086BH         LINE#         1387
  C:0870H         LINE#         1389
  C:088BH         LINE#         1390
  C:0894H         LINE#         1392
  C:0897H         LINE#         1393
  C:0897H         LINE#         1394
  C:08A6H         LINE#         1395
  C:08A8H         LINE#         1396
  C:08AAH         LINE#         1397
  C:08ACH         LINE#         1399
  C:08B9H         LINE#         1400
  C:08C2H         LINE#         1402
  C:08C7H         LINE#         1404
  C:08E2H         LINE#         1405
  C:08ECH         LINE#         1406
  C:08ECH         LINE#         1407
  C:08ECH         LINE#         1408
BL51 BANKED LINKER/LOCATER V6.22.2.0                                                  12/29/2022  12:09:21  PAGE 28


  -------         ENDPROC       ET0_ISR
  -------         PROC          PCA_ISR
  C:16EBH         LINE#         1410
  C:1708H         LINE#         1412
  C:170EH         LINE#         1413
  C:1711H         LINE#         1416
  C:1714H         LINE#         1419
  -------         ENDPROC       PCA_ISR
  -------         PROC          ET2
  C:1773H         LINE#         1421
  C:1790H         LINE#         1424
  C:1793H         LINE#         1427
  -------         ENDPROC       ET2
  -------         ENDMOD        MAIN

  -------         MODULE        ?C?CLDPTR
  C:0F97H         PUBLIC        ?C?CLDPTR
  -------         ENDMOD        ?C?CLDPTR

  -------         MODULE        ?C?CLDOPTR
  C:0FB0H         PUBLIC        ?C?CLDOPTR
  -------         ENDMOD        ?C?CLDOPTR

  -------         MODULE        ?C?CSTOPTR
  C:0FDDH         PUBLIC        ?C?CSTOPTR
  -------         ENDMOD        ?C?CSTOPTR

  -------         MODULE        ?C?IMUL
  C:0FFFH         PUBLIC        ?C?IMUL
  -------         ENDMOD        ?C?IMUL

  -------         MODULE        ?C?UIDIV
  C:1011H         PUBLIC        ?C?UIDIV
  -------         ENDMOD        ?C?UIDIV

  -------         MODULE        ?C?LMUL
  C:1066H         PUBLIC        ?C?LMUL
  -------         ENDMOD        ?C?LMUL

  -------         MODULE        ?C?SLDIV
  C:172FH         PUBLIC        ?C?SLDIV
  -------         ENDMOD        ?C?SLDIV

  -------         MODULE        ?C?LLDIDATA0
  C:10B5H         PUBLIC        ?C?LLDIDATA0
  -------         ENDMOD        ?C?LLDIDATA0

  -------         MODULE        ?C?LSTIDATA
  C:10C2H         PUBLIC        ?C?LSTIDATA
  -------         ENDMOD        ?C?LSTIDATA

  -------         MODULE        ?C?ULDIV
  C:110AH         PUBLIC        ?C?ULDIV
  -------         ENDMOD        ?C?ULDIV

Program Size: data=108.5 xdata=150 code=6489
LINK/LOCATE RUN COMPLETE.  0 WARNING(S),  0 ERROR(S)
