C51 COMPILER V9.60.0.0   MAIN                                                              11/24/2022 12:56:53 PAGE 1   


C51 COMPILER V9.60.0.0, COMPILATION OF MODULE MAIN
OBJECT MODULE PLACED IN .\Objects\main.obj
COMPILER INVOKED BY: D:\APP\Keil\C51\BIN\C51.EXE main.c OPTIMIZE(8,SPEED) BROWSE DEBUG OBJECTEXTEND PRINT(.\Listings\mai
                    -n.lst) TABS(2) OBJECT(.\Objects\main.obj)

line level    source

   1          #include "commom.h"
   2          
   3          U8 SelfAddr[TX_ADR_WIDTH] = {0x01, 0x01, 0x01, 0x01, 0x01};       //本机硬件地址
   4          U8 txbuf[TX_PLOAD_WIDTH];
   5          
   6          
   7          void main()
   8          {
   9   1        
  10   1        OLED_Init();
  11   1        OLED_Clear();
  12   1        RF24_Init();
  13   1        RF24_TX_Mode(SelfAddr);
  14   1        RF24_SetRfCh(40);
  15   1        txbuf[0]=15;
  16   1        while(1)
  17   1        {
  18   2          RF24_TxData(txbuf);
  19   2          OLED_ShowString(0,0,txbuf);
  20   2          if(K1==0)
  21   2          {
  22   3              while(!K1);
  23   3            txbuf[0]++;
  24   3            if(txbuf[0]>25)
  25   3            {
  26   4              txbuf[0]=25;
  27   4            }
  28   3          }   
  29   2          if(K2==0)
  30   2          {
  31   3              while(!K2);
  32   3            txbuf[0]--;
  33   3            if(txbuf[0]<5)
  34   3            {
  35   4              txbuf[0]=5;
  36   4            }
  37   3          }
  38   2          if(P32==0)
  39   2          {
  40   3            while(!P32);
  41   3            txbuf[0]=15;txbuf[0]=15;
  42   3          }
  43   2        }
  44   1      }


MODULE INFORMATION:   STATIC OVERLAYABLE
   CODE SIZE        =    105    ----
   CONSTANT SIZE    =   ----    ----
   XDATA SIZE       =   ----    ----
   PDATA SIZE       =   ----    ----
   DATA SIZE        =     11    ----
   IDATA SIZE       =   ----    ----
   BIT SIZE         =   ----    ----
C51 COMPILER V9.60.0.0   MAIN                                                              11/24/2022 12:56:53 PAGE 2   

END OF MODULE INFORMATION.


C51 COMPILATION COMPLETE.  0 WARNING(S),  0 ERROR(S)
